192.168.1.135 - - [14/Oct/2015:22:10:57 +0000] "GET /external_api/pull_data HTTP/1.1" 200 271 "http://192.168.1.117/admin/voucher" "Mozilla/5.0 (Macintosh; Intel Mac OS X 10_10_5) AppleWebKit/537.36 (KHTML, like Gecko) Chrome/45.0.2454.101 Safari/537.36"
192.168.1.135 - - [14/Oct/2015:22:10:58 +0000] "GET /admin/function%20(%20data%20)%20%7B%20%20%20%20%20%20%20%20%20%20%20%20%20%20%20%20%20%20%20%20console.log(data);%20%20%20%20%20%20%20%20%20%20%20%20%20%20%20%20%7D HTTP/1.1" 404 743 "http://192.168.1.117/admin/voucher" "Mozilla/5.0 (Macintosh; Intel Mac OS X 10_10_5) AppleWebKit/537.36 (KHTML, like Gecko) Chrome/45.0.2454.101 Safari/537.36"
192.168.1.135 - - [14/Oct/2015:22:11:22 +0000] "GET /admin/voucher HTTP/1.1" 200 1953 "-" "Mozilla/5.0 (Macintosh; Intel Mac OS X 10_10_5) AppleWebKit/537.36 (KHTML, like Gecko) Chrome/45.0.2454.101 Safari/537.36"
192.168.1.135 - - [14/Oct/2015:22:11:23 +0000] "GET /scripts/application.js HTTP/1.1" 200 570 "http://192.168.1.117/admin/voucher" "Mozilla/5.0 (Macintosh; Intel Mac OS X 10_10_5) AppleWebKit/537.36 (KHTML, like Gecko) Chrome/45.0.2454.101 Safari/537.36"
192.168.1.135 - - [14/Oct/2015:22:11:23 +0000] "GET /scripts/bootstrap.min.js HTTP/1.1" 200 10096 "http://192.168.1.117/admin/voucher" "Mozilla/5.0 (Macintosh; Intel Mac OS X 10_10_5) AppleWebKit/537.36 (KHTML, like Gecko) Chrome/45.0.2454.101 Safari/537.36"
192.168.1.135 - - [14/Oct/2015:22:11:23 +0000] "GET /styles/bootstrap-theme.min.css HTTP/1.1" 200 3072 "http://192.168.1.117/admin/voucher" "Mozilla/5.0 (Macintosh; Intel Mac OS X 10_10_5) AppleWebKit/537.36 (KHTML, like Gecko) Chrome/45.0.2454.101 Safari/537.36"
192.168.1.135 - - [14/Oct/2015:22:11:23 +0000] "GET /scripts/jquery-2.1.4.min.js HTTP/1.1" 200 29885 "http://192.168.1.117/admin/voucher" "Mozilla/5.0 (Macintosh; Intel Mac OS X 10_10_5) AppleWebKit/537.36 (KHTML, like Gecko) Chrome/45.0.2454.101 Safari/537.36"
192.168.1.135 - - [14/Oct/2015:22:11:23 +0000] "GET /styles/bootstrap.min.css HTTP/1.1" 200 20221 "http://192.168.1.117/admin/voucher" "Mozilla/5.0 (Macintosh; Intel Mac OS X 10_10_5) AppleWebKit/537.36 (KHTML, like Gecko) Chrome/45.0.2454.101 Safari/537.36"
127.0.0.1 - - [14/Oct/2015:22:11:25 +0000] "GET /api/vouchers HTTP/1.1" 200 5637 "-" "-"
192.168.1.135 - - [14/Oct/2015:22:11:25 +0000] "GET /external_api/pull_data HTTP/1.1" 200 271 "http://192.168.1.117/admin/voucher" "Mozilla/5.0 (Macintosh; Intel Mac OS X 10_10_5) AppleWebKit/537.36 (KHTML, like Gecko) Chrome/45.0.2454.101 Safari/537.36"
192.168.1.135 - - [14/Oct/2015:22:11:25 +0000] "GET /admin/voucher HTTP/1.1" 500 743 "http://192.168.1.117/admin/voucher" "Mozilla/5.0 (Macintosh; Intel Mac OS X 10_10_5) AppleWebKit/537.36 (KHTML, like Gecko) Chrome/45.0.2454.101 Safari/537.36"
::1 - - [14/Oct/2015:22:11:31 +0000] "OPTIONS * HTTP/1.0" 200 125 "-" "Apache/2.4.7 (Ubuntu) PHP/5.5.9-1ubuntu4.13 (internal dummy connection)"
192.168.1.135 - - [14/Oct/2015:22:12:30 +0000] "GET /admin/voucher HTTP/1.1" 200 1953 "-" "Mozilla/5.0 (Macintosh; Intel Mac OS X 10_10_5) AppleWebKit/537.36 (KHTML, like Gecko) Chrome/45.0.2454.101 Safari/537.36"
192.168.1.135 - - [14/Oct/2015:22:12:31 +0000] "GET /scripts/application.js HTTP/1.1" 200 575 "http://192.168.1.117/admin/voucher" "Mozilla/5.0 (Macintosh; Intel Mac OS X 10_10_5) AppleWebKit/537.36 (KHTML, like Gecko) Chrome/45.0.2454.101 Safari/537.36"
192.168.1.135 - - [14/Oct/2015:22:12:31 +0000] "GET /styles/bootstrap-theme.min.css HTTP/1.1" 200 3072 "http://192.168.1.117/admin/voucher" "Mozilla/5.0 (Macintosh; Intel Mac OS X 10_10_5) AppleWebKit/537.36 (KHTML, like Gecko) Chrome/45.0.2454.101 Safari/537.36"
192.168.1.135 - - [14/Oct/2015:22:12:31 +0000] "GET /scripts/bootstrap.min.js HTTP/1.1" 200 10096 "http://192.168.1.117/admin/voucher" "Mozilla/5.0 (Macintosh; Intel Mac OS X 10_10_5) AppleWebKit/537.36 (KHTML, like Gecko) Chrome/45.0.2454.101 Safari/537.36"
192.168.1.135 - - [14/Oct/2015:22:12:31 +0000] "GET /scripts/jquery-2.1.4.min.js HTTP/1.1" 200 29885 "http://192.168.1.117/admin/voucher" "Mozilla/5.0 (Macintosh; Intel Mac OS X 10_10_5) AppleWebKit/537.36 (KHTML, like Gecko) Chrome/45.0.2454.101 Safari/537.36"
192.168.1.135 - - [14/Oct/2015:22:12:31 +0000] "GET /styles/bootstrap.min.css HTTP/1.1" 200 20221 "http://192.168.1.117/admin/voucher" "Mozilla/5.0 (Macintosh; Intel Mac OS X 10_10_5) AppleWebKit/537.36 (KHTML, like Gecko) Chrome/45.0.2454.101 Safari/537.36"
192.168.1.135 - - [14/Oct/2015:22:12:33 +0000] "GET /admin/voucher HTTP/1.1" 500 743 "http://192.168.1.117/admin/voucher" "Mozilla/5.0 (Macintosh; Intel Mac OS X 10_10_5) AppleWebKit/537.36 (KHTML, like Gecko) Chrome/45.0.2454.101 Safari/537.36"
127.0.0.1 - - [14/Oct/2015:22:18:00 +0000] "GET /api/vouchers HTTP/1.1" 200 5637 "-" "-"
192.168.1.135 - - [14/Oct/2015:22:18:00 +0000] "GET /external_api/pull_data HTTP/1.1" 200 272 "http://192.168.1.117:8000/admin/voucher" "Mozilla/5.0 (Macintosh; Intel Mac OS X 10_10_5) AppleWebKit/537.36 (KHTML, like Gecko) Chrome/45.0.2454.101 Safari/537.36"
192.168.1.135 - - [14/Oct/2015:22:18:19 +0000] "GET /admin/voucher HTTP/1.1" 200 1953 "-" "Mozilla/5.0 (Macintosh; Intel Mac OS X 10_10_5) AppleWebKit/537.36 (KHTML, like Gecko) Chrome/45.0.2454.101 Safari/537.36"
192.168.1.135 - - [14/Oct/2015:22:18:20 +0000] "GET /scripts/application.js HTTP/1.1" 200 578 "http://192.168.1.117/admin/voucher" "Mozilla/5.0 (Macintosh; Intel Mac OS X 10_10_5) AppleWebKit/537.36 (KHTML, like Gecko) Chrome/45.0.2454.101 Safari/537.36"
192.168.1.135 - - [14/Oct/2015:22:18:20 +0000] "GET /styles/bootstrap-theme.min.css HTTP/1.1" 200 3072 "http://192.168.1.117/admin/voucher" "Mozilla/5.0 (Macintosh; Intel Mac OS X 10_10_5) AppleWebKit/537.36 (KHTML, like Gecko) Chrome/45.0.2454.101 Safari/537.36"
192.168.1.135 - - [14/Oct/2015:22:18:20 +0000] "GET /scripts/bootstrap.min.js HTTP/1.1" 200 10096 "http://192.168.1.117/admin/voucher" "Mozilla/5.0 (Macintosh; Intel Mac OS X 10_10_5) AppleWebKit/537.36 (KHTML, like Gecko) Chrome/45.0.2454.101 Safari/537.36"
192.168.1.135 - - [14/Oct/2015:22:18:20 +0000] "GET /scripts/jquery-2.1.4.min.js HTTP/1.1" 200 29885 "http://192.168.1.117/admin/voucher" "Mozilla/5.0 (Macintosh; Intel Mac OS X 10_10_5) AppleWebKit/537.36 (KHTML, like Gecko) Chrome/45.0.2454.101 Safari/537.36"
192.168.1.135 - - [14/Oct/2015:22:18:20 +0000] "GET /styles/bootstrap.min.css HTTP/1.1" 200 20221 "http://192.168.1.117/admin/voucher" "Mozilla/5.0 (Macintosh; Intel Mac OS X 10_10_5) AppleWebKit/537.36 (KHTML, like Gecko) Chrome/45.0.2454.101 Safari/537.36"
127.0.0.1 - - [14/Oct/2015:22:18:24 +0000] "GET /api/vouchers HTTP/1.1" 200 5637 "-" "-"
192.168.1.135 - - [14/Oct/2015:22:18:24 +0000] "GET /external_api/pull_data HTTP/1.1" 200 271 "http://192.168.1.117/admin/voucher" "Mozilla/5.0 (Macintosh; Intel Mac OS X 10_10_5) AppleWebKit/537.36 (KHTML, like Gecko) Chrome/45.0.2454.101 Safari/537.36"
192.168.1.135 - - [14/Oct/2015:22:18:25 +0000] "GET /admin/voucher HTTP/1.1" 200 8824 "http://192.168.1.117/admin/voucher" "Mozilla/5.0 (Macintosh; Intel Mac OS X 10_10_5) AppleWebKit/537.36 (KHTML, like Gecko) Chrome/45.0.2454.101 Safari/537.36"
192.168.1.135 - - [14/Oct/2015:22:18:42 +0000] "GET /admin/voucher HTTP/1.1" 200 889 "-" "Mozilla/5.0 (Macintosh; Intel Mac OS X 10_10_5) AppleWebKit/537.36 (KHTML, like Gecko) Chrome/45.0.2454.101 Safari/537.36"
192.168.1.135 - - [14/Oct/2015:22:18:43 +0000] "GET /scripts/application.js HTTP/1.1" 200 578 "http://192.168.1.117/admin/voucher" "Mozilla/5.0 (Macintosh; Intel Mac OS X 10_10_5) AppleWebKit/537.36 (KHTML, like Gecko) Chrome/45.0.2454.101 Safari/537.36"
192.168.1.135 - - [14/Oct/2015:22:18:43 +0000] "GET /styles/bootstrap-theme.min.css HTTP/1.1" 200 3072 "http://192.168.1.117/admin/voucher" "Mozilla/5.0 (Macintosh; Intel Mac OS X 10_10_5) AppleWebKit/537.36 (KHTML, like Gecko) Chrome/45.0.2454.101 Safari/537.36"
192.168.1.135 - - [14/Oct/2015:22:18:43 +0000] "GET /scripts/bootstrap.min.js HTTP/1.1" 200 10096 "http://192.168.1.117/admin/voucher" "Mozilla/5.0 (Macintosh; Intel Mac OS X 10_10_5) AppleWebKit/537.36 (KHTML, like Gecko) Chrome/45.0.2454.101 Safari/537.36"
192.168.1.135 - - [14/Oct/2015:22:18:43 +0000] "GET /scripts/jquery-2.1.4.min.js HTTP/1.1" 200 29885 "http://192.168.1.117/admin/voucher" "Mozilla/5.0 (Macintosh; Intel Mac OS X 10_10_5) AppleWebKit/537.36 (KHTML, like Gecko) Chrome/45.0.2454.101 Safari/537.36"
192.168.1.135 - - [14/Oct/2015:22:18:43 +0000] "GET /styles/bootstrap.min.css HTTP/1.1" 200 20221 "http://192.168.1.117/admin/voucher" "Mozilla/5.0 (Macintosh; Intel Mac OS X 10_10_5) AppleWebKit/537.36 (KHTML, like Gecko) Chrome/45.0.2454.101 Safari/537.36"
127.0.0.1 - - [14/Oct/2015:22:18:45 +0000] "GET /api/vouchers HTTP/1.1" 200 5637 "-" "-"
192.168.1.135 - - [14/Oct/2015:22:18:45 +0000] "GET /external_api/pull_data HTTP/1.1" 200 271 "http://192.168.1.117/admin/voucher" "Mozilla/5.0 (Macintosh; Intel Mac OS X 10_10_5) AppleWebKit/537.36 (KHTML, like Gecko) Chrome/45.0.2454.101 Safari/537.36"
192.168.1.135 - - [14/Oct/2015:22:18:46 +0000] "GET /admin/voucher HTTP/1.1" 200 8824 "http://192.168.1.117/admin/voucher" "Mozilla/5.0 (Macintosh; Intel Mac OS X 10_10_5) AppleWebKit/537.36 (KHTML, like Gecko) Chrome/45.0.2454.101 Safari/537.36"
192.168.1.135 - - [14/Oct/2015:22:19:25 +0000] "GET /admin/voucher HTTP/1.1" 200 1950 "-" "Mozilla/5.0 (Macintosh; Intel Mac OS X 10_10_5) AppleWebKit/537.36 (KHTML, like Gecko) Chrome/45.0.2454.101 Safari/537.36"
192.168.1.135 - - [14/Oct/2015:22:19:26 +0000] "GET /scripts/application.js HTTP/1.1" 200 589 "http://192.168.1.117/admin/voucher" "Mozilla/5.0 (Macintosh; Intel Mac OS X 10_10_5) AppleWebKit/537.36 (KHTML, like Gecko) Chrome/45.0.2454.101 Safari/537.36"
192.168.1.135 - - [14/Oct/2015:22:19:26 +0000] "GET /scripts/bootstrap.min.js HTTP/1.1" 200 10096 "http://192.168.1.117/admin/voucher" "Mozilla/5.0 (Macintosh; Intel Mac OS X 10_10_5) AppleWebKit/537.36 (KHTML, like Gecko) Chrome/45.0.2454.101 Safari/537.36"
192.168.1.135 - - [14/Oct/2015:22:19:26 +0000] "GET /styles/bootstrap-theme.min.css HTTP/1.1" 200 3072 "http://192.168.1.117/admin/voucher" "Mozilla/5.0 (Macintosh; Intel Mac OS X 10_10_5) AppleWebKit/537.36 (KHTML, like Gecko) Chrome/45.0.2454.101 Safari/537.36"
192.168.1.135 - - [14/Oct/2015:22:19:26 +0000] "GET /scripts/jquery-2.1.4.min.js HTTP/1.1" 200 29885 "http://192.168.1.117/admin/voucher" "Mozilla/5.0 (Macintosh; Intel Mac OS X 10_10_5) AppleWebKit/537.36 (KHTML, like Gecko) Chrome/45.0.2454.101 Safari/537.36"
192.168.1.135 - - [14/Oct/2015:22:19:26 +0000] "GET /styles/bootstrap.min.css HTTP/1.1" 200 20221 "http://192.168.1.117/admin/voucher" "Mozilla/5.0 (Macintosh; Intel Mac OS X 10_10_5) AppleWebKit/537.36 (KHTML, like Gecko) Chrome/45.0.2454.101 Safari/537.36"
192.168.1.135 - - [14/Oct/2015:22:19:45 +0000] "GET /admin/voucher HTTP/1.1" 200 1950 "-" "Mozilla/5.0 (Macintosh; Intel Mac OS X 10_10_5) AppleWebKit/537.36 (KHTML, like Gecko) Chrome/45.0.2454.101 Safari/537.36"
192.168.1.135 - - [14/Oct/2015:22:19:46 +0000] "GET /scripts/application.js HTTP/1.1" 200 589 "http://192.168.1.117/admin/voucher" "Mozilla/5.0 (Macintosh; Intel Mac OS X 10_10_5) AppleWebKit/537.36 (KHTML, like Gecko) Chrome/45.0.2454.101 Safari/537.36"
192.168.1.135 - - [14/Oct/2015:22:19:46 +0000] "GET /styles/bootstrap-theme.min.css HTTP/1.1" 200 3072 "http://192.168.1.117/admin/voucher" "Mozilla/5.0 (Macintosh; Intel Mac OS X 10_10_5) AppleWebKit/537.36 (KHTML, like Gecko) Chrome/45.0.2454.101 Safari/537.36"
192.168.1.135 - - [14/Oct/2015:22:19:46 +0000] "GET /scripts/bootstrap.min.js HTTP/1.1" 200 10096 "http://192.168.1.117/admin/voucher" "Mozilla/5.0 (Macintosh; Intel Mac OS X 10_10_5) AppleWebKit/537.36 (KHTML, like Gecko) Chrome/45.0.2454.101 Safari/537.36"
192.168.1.135 - - [14/Oct/2015:22:19:46 +0000] "GET /scripts/jquery-2.1.4.min.js HTTP/1.1" 200 29885 "http://192.168.1.117/admin/voucher" "Mozilla/5.0 (Macintosh; Intel Mac OS X 10_10_5) AppleWebKit/537.36 (KHTML, like Gecko) Chrome/45.0.2454.101 Safari/537.36"
192.168.1.135 - - [14/Oct/2015:22:19:46 +0000] "GET /styles/bootstrap.min.css HTTP/1.1" 200 20221 "http://192.168.1.117/admin/voucher" "Mozilla/5.0 (Macintosh; Intel Mac OS X 10_10_5) AppleWebKit/537.36 (KHTML, like Gecko) Chrome/45.0.2454.101 Safari/537.36"
127.0.0.1 - - [14/Oct/2015:22:19:48 +0000] "GET /api/vouchers HTTP/1.1" 200 5637 "-" "-"
192.168.1.135 - - [14/Oct/2015:22:19:47 +0000] "GET /external_api/pull_data HTTP/1.1" 200 271 "http://192.168.1.117/admin/voucher" "Mozilla/5.0 (Macintosh; Intel Mac OS X 10_10_5) AppleWebKit/537.36 (KHTML, like Gecko) Chrome/45.0.2454.101 Safari/537.36"
192.168.1.135 - - [14/Oct/2015:22:19:48 +0000] "GET /admin/voucher HTTP/1.1" 200 8824 "http://192.168.1.117/admin/voucher" "Mozilla/5.0 (Macintosh; Intel Mac OS X 10_10_5) AppleWebKit/537.36 (KHTML, like Gecko) Chrome/45.0.2454.101 Safari/537.36"
192.168.1.135 - - [14/Oct/2015:22:20:06 +0000] "GET /admin/voucher HTTP/1.1" 200 1950 "-" "Mozilla/5.0 (Macintosh; Intel Mac OS X 10_10_5) AppleWebKit/537.36 (KHTML, like Gecko) Chrome/45.0.2454.101 Safari/537.36"
192.168.1.135 - - [14/Oct/2015:22:20:07 +0000] "GET /scripts/application.js HTTP/1.1" 200 587 "http://192.168.1.117/admin/voucher" "Mozilla/5.0 (Macintosh; Intel Mac OS X 10_10_5) AppleWebKit/537.36 (KHTML, like Gecko) Chrome/45.0.2454.101 Safari/537.36"
192.168.1.135 - - [14/Oct/2015:22:20:07 +0000] "GET /styles/bootstrap-theme.min.css HTTP/1.1" 200 3072 "http://192.168.1.117/admin/voucher" "Mozilla/5.0 (Macintosh; Intel Mac OS X 10_10_5) AppleWebKit/537.36 (KHTML, like Gecko) Chrome/45.0.2454.101 Safari/537.36"
192.168.1.135 - - [14/Oct/2015:22:20:07 +0000] "GET /scripts/bootstrap.min.js HTTP/1.1" 200 10096 "http://192.168.1.117/admin/voucher" "Mozilla/5.0 (Macintosh; Intel Mac OS X 10_10_5) AppleWebKit/537.36 (KHTML, like Gecko) Chrome/45.0.2454.101 Safari/537.36"
192.168.1.135 - - [14/Oct/2015:22:20:07 +0000] "GET /scripts/jquery-2.1.4.min.js HTTP/1.1" 200 29885 "http://192.168.1.117/admin/voucher" "Mozilla/5.0 (Macintosh; Intel Mac OS X 10_10_5) AppleWebKit/537.36 (KHTML, like Gecko) Chrome/45.0.2454.101 Safari/537.36"
192.168.1.135 - - [14/Oct/2015:22:20:07 +0000] "GET /styles/bootstrap.min.css HTTP/1.1" 200 20221 "http://192.168.1.117/admin/voucher" "Mozilla/5.0 (Macintosh; Intel Mac OS X 10_10_5) AppleWebKit/537.36 (KHTML, like Gecko) Chrome/45.0.2454.101 Safari/537.36"
192.168.1.135 - - [14/Oct/2015:22:20:26 +0000] "GET /admin/voucher HTTP/1.1" 200 1950 "-" "Mozilla/5.0 (Macintosh; Intel Mac OS X 10_10_5) AppleWebKit/537.36 (KHTML, like Gecko) Chrome/45.0.2454.101 Safari/537.36"
192.168.1.135 - - [14/Oct/2015:22:20:27 +0000] "GET /scripts/application.js HTTP/1.1" 200 591 "http://192.168.1.117/admin/voucher" "Mozilla/5.0 (Macintosh; Intel Mac OS X 10_10_5) AppleWebKit/537.36 (KHTML, like Gecko) Chrome/45.0.2454.101 Safari/537.36"
192.168.1.135 - - [14/Oct/2015:22:20:27 +0000] "GET /scripts/bootstrap.min.js HTTP/1.1" 200 10096 "http://192.168.1.117/admin/voucher" "Mozilla/5.0 (Macintosh; Intel Mac OS X 10_10_5) AppleWebKit/537.36 (KHTML, like Gecko) Chrome/45.0.2454.101 Safari/537.36"
192.168.1.135 - - [14/Oct/2015:22:20:27 +0000] "GET /styles/bootstrap-theme.min.css HTTP/1.1" 200 3072 "http://192.168.1.117/admin/voucher" "Mozilla/5.0 (Macintosh; Intel Mac OS X 10_10_5) AppleWebKit/537.36 (KHTML, like Gecko) Chrome/45.0.2454.101 Safari/537.36"
192.168.1.135 - - [14/Oct/2015:22:20:27 +0000] "GET /scripts/jquery-2.1.4.min.js HTTP/1.1" 200 29885 "http://192.168.1.117/admin/voucher" "Mozilla/5.0 (Macintosh; Intel Mac OS X 10_10_5) AppleWebKit/537.36 (KHTML, like Gecko) Chrome/45.0.2454.101 Safari/537.36"
192.168.1.135 - - [14/Oct/2015:22:20:27 +0000] "GET /styles/bootstrap.min.css HTTP/1.1" 200 20221 "http://192.168.1.117/admin/voucher" "Mozilla/5.0 (Macintosh; Intel Mac OS X 10_10_5) AppleWebKit/537.36 (KHTML, like Gecko) Chrome/45.0.2454.101 Safari/537.36"
192.168.1.135 - - [14/Oct/2015:22:20:36 +0000] "GET /admin/voucher HTTP/1.1" 200 889 "-" "Mozilla/5.0 (Macintosh; Intel Mac OS X 10_10_5) AppleWebKit/537.36 (KHTML, like Gecko) Chrome/45.0.2454.101 Safari/537.36"
192.168.1.135 - - [14/Oct/2015:22:20:37 +0000] "GET /scripts/application.js HTTP/1.1" 200 591 "http://192.168.1.117/admin/voucher" "Mozilla/5.0 (Macintosh; Intel Mac OS X 10_10_5) AppleWebKit/537.36 (KHTML, like Gecko) Chrome/45.0.2454.101 Safari/537.36"
192.168.1.135 - - [14/Oct/2015:22:20:37 +0000] "GET /styles/bootstrap-theme.min.css HTTP/1.1" 200 3072 "http://192.168.1.117/admin/voucher" "Mozilla/5.0 (Macintosh; Intel Mac OS X 10_10_5) AppleWebKit/537.36 (KHTML, like Gecko) Chrome/45.0.2454.101 Safari/537.36"
192.168.1.135 - - [14/Oct/2015:22:20:37 +0000] "GET /scripts/bootstrap.min.js HTTP/1.1" 200 10096 "http://192.168.1.117/admin/voucher" "Mozilla/5.0 (Macintosh; Intel Mac OS X 10_10_5) AppleWebKit/537.36 (KHTML, like Gecko) Chrome/45.0.2454.101 Safari/537.36"
192.168.1.135 - - [14/Oct/2015:22:20:37 +0000] "GET /scripts/jquery-2.1.4.min.js HTTP/1.1" 200 29885 "http://192.168.1.117/admin/voucher" "Mozilla/5.0 (Macintosh; Intel Mac OS X 10_10_5) AppleWebKit/537.36 (KHTML, like Gecko) Chrome/45.0.2454.101 Safari/537.36"
192.168.1.135 - - [14/Oct/2015:22:20:37 +0000] "GET /styles/bootstrap.min.css HTTP/1.1" 200 20221 "http://192.168.1.117/admin/voucher" "Mozilla/5.0 (Macintosh; Intel Mac OS X 10_10_5) AppleWebKit/537.36 (KHTML, like Gecko) Chrome/45.0.2454.101 Safari/537.36"
127.0.0.1 - - [14/Oct/2015:22:20:39 +0000] "GET /api/vouchers HTTP/1.1" 200 5637 "-" "-"
192.168.1.135 - - [14/Oct/2015:22:20:39 +0000] "GET /external_api/pull_data HTTP/1.1" 200 271 "http://192.168.1.117/admin/voucher" "Mozilla/5.0 (Macintosh; Intel Mac OS X 10_10_5) AppleWebKit/537.36 (KHTML, like Gecko) Chrome/45.0.2454.101 Safari/537.36"
192.168.1.135 - - [14/Oct/2015:22:20:40 +0000] "GET /admin/voucher HTTP/1.1" 200 8824 "http://192.168.1.117/admin/voucher" "Mozilla/5.0 (Macintosh; Intel Mac OS X 10_10_5) AppleWebKit/537.36 (KHTML, like Gecko) Chrome/45.0.2454.101 Safari/537.36"
127.0.0.1 - - [14/Oct/2015:22:21:47 +0000] "GET /api/vouchers HTTP/1.1" 200 5637 "-" "-"
192.168.1.135 - - [14/Oct/2015:22:21:47 +0000] "GET /external_api/pull_data HTTP/1.1" 200 272 "http://192.168.1.117/admin/voucher" "Mozilla/5.0 (Macintosh; Intel Mac OS X 10_10_5) AppleWebKit/537.36 (KHTML, like Gecko) Chrome/45.0.2454.101 Safari/537.36"
192.168.1.135 - - [14/Oct/2015:22:21:48 +0000] "GET /admin/voucher HTTP/1.1" 200 8824 "http://192.168.1.117/admin/voucher" "Mozilla/5.0 (Macintosh; Intel Mac OS X 10_10_5) AppleWebKit/537.36 (KHTML, like Gecko) Chrome/45.0.2454.101 Safari/537.36"
192.168.1.135 - - [14/Oct/2015:22:22:18 +0000] "GET /admin/voucher HTTP/1.1" 200 1949 "-" "Mozilla/5.0 (Macintosh; Intel Mac OS X 10_10_5) AppleWebKit/537.36 (KHTML, like Gecko) Chrome/45.0.2454.101 Safari/537.36"
192.168.1.135 - - [14/Oct/2015:22:22:19 +0000] "GET /scripts/application.js HTTP/1.1" 200 583 "http://192.168.1.117/admin/voucher" "Mozilla/5.0 (Macintosh; Intel Mac OS X 10_10_5) AppleWebKit/537.36 (KHTML, like Gecko) Chrome/45.0.2454.101 Safari/537.36"
192.168.1.135 - - [14/Oct/2015:22:22:19 +0000] "GET /styles/bootstrap-theme.min.css HTTP/1.1" 200 3072 "http://192.168.1.117/admin/voucher" "Mozilla/5.0 (Macintosh; Intel Mac OS X 10_10_5) AppleWebKit/537.36 (KHTML, like Gecko) Chrome/45.0.2454.101 Safari/537.36"
192.168.1.135 - - [14/Oct/2015:22:22:19 +0000] "GET /scripts/bootstrap.min.js HTTP/1.1" 200 10096 "http://192.168.1.117/admin/voucher" "Mozilla/5.0 (Macintosh; Intel Mac OS X 10_10_5) AppleWebKit/537.36 (KHTML, like Gecko) Chrome/45.0.2454.101 Safari/537.36"
192.168.1.135 - - [14/Oct/2015:22:22:19 +0000] "GET /scripts/jquery-2.1.4.min.js HTTP/1.1" 200 29885 "http://192.168.1.117/admin/voucher" "Mozilla/5.0 (Macintosh; Intel Mac OS X 10_10_5) AppleWebKit/537.36 (KHTML, like Gecko) Chrome/45.0.2454.101 Safari/537.36"
192.168.1.135 - - [14/Oct/2015:22:22:19 +0000] "GET /styles/bootstrap.min.css HTTP/1.1" 200 20221 "http://192.168.1.117/admin/voucher" "Mozilla/5.0 (Macintosh; Intel Mac OS X 10_10_5) AppleWebKit/537.36 (KHTML, like Gecko) Chrome/45.0.2454.101 Safari/537.36"
192.168.1.135 - - [14/Oct/2015:22:22:26 +0000] "GET /admin/voucher HTTP/1.1" 200 889 "-" "Mozilla/5.0 (Macintosh; Intel Mac OS X 10_10_5) AppleWebKit/537.36 (KHTML, like Gecko) Chrome/45.0.2454.101 Safari/537.36"
192.168.1.135 - - [14/Oct/2015:22:22:27 +0000] "GET /scripts/application.js HTTP/1.1" 200 583 "http://192.168.1.117/admin/voucher" "Mozilla/5.0 (Macintosh; Intel Mac OS X 10_10_5) AppleWebKit/537.36 (KHTML, like Gecko) Chrome/45.0.2454.101 Safari/537.36"
192.168.1.135 - - [14/Oct/2015:22:22:27 +0000] "GET /styles/bootstrap-theme.min.css HTTP/1.1" 200 3072 "http://192.168.1.117/admin/voucher" "Mozilla/5.0 (Macintosh; Intel Mac OS X 10_10_5) AppleWebKit/537.36 (KHTML, like Gecko) Chrome/45.0.2454.101 Safari/537.36"
192.168.1.135 - - [14/Oct/2015:22:22:27 +0000] "GET /scripts/bootstrap.min.js HTTP/1.1" 200 10096 "http://192.168.1.117/admin/voucher" "Mozilla/5.0 (Macintosh; Intel Mac OS X 10_10_5) AppleWebKit/537.36 (KHTML, like Gecko) Chrome/45.0.2454.101 Safari/537.36"
192.168.1.135 - - [14/Oct/2015:22:22:27 +0000] "GET /scripts/jquery-2.1.4.min.js HTTP/1.1" 200 29885 "http://192.168.1.117/admin/voucher" "Mozilla/5.0 (Macintosh; Intel Mac OS X 10_10_5) AppleWebKit/537.36 (KHTML, like Gecko) Chrome/45.0.2454.101 Safari/537.36"
192.168.1.135 - - [14/Oct/2015:22:22:27 +0000] "GET /styles/bootstrap.min.css HTTP/1.1" 200 20221 "http://192.168.1.117/admin/voucher" "Mozilla/5.0 (Macintosh; Intel Mac OS X 10_10_5) AppleWebKit/537.36 (KHTML, like Gecko) Chrome/45.0.2454.101 Safari/537.36"
192.168.1.135 - - [14/Oct/2015:22:23:07 +0000] "GET /admin/voucher HTTP/1.1" 200 889 "-" "Mozilla/5.0 (Macintosh; Intel Mac OS X 10_10_5) AppleWebKit/537.36 (KHTML, like Gecko) Chrome/45.0.2454.101 Safari/537.36"
192.168.1.135 - - [14/Oct/2015:22:23:08 +0000] "GET /scripts/application.js HTTP/1.1" 200 583 "http://192.168.1.117/admin/voucher" "Mozilla/5.0 (Macintosh; Intel Mac OS X 10_10_5) AppleWebKit/537.36 (KHTML, like Gecko) Chrome/45.0.2454.101 Safari/537.36"
192.168.1.135 - - [14/Oct/2015:22:23:08 +0000] "GET /scripts/bootstrap.min.js HTTP/1.1" 200 10096 "http://192.168.1.117/admin/voucher" "Mozilla/5.0 (Macintosh; Intel Mac OS X 10_10_5) AppleWebKit/537.36 (KHTML, like Gecko) Chrome/45.0.2454.101 Safari/537.36"
192.168.1.135 - - [14/Oct/2015:22:23:08 +0000] "GET /styles/bootstrap-theme.min.css HTTP/1.1" 200 3072 "http://192.168.1.117/admin/voucher" "Mozilla/5.0 (Macintosh; Intel Mac OS X 10_10_5) AppleWebKit/537.36 (KHTML, like Gecko) Chrome/45.0.2454.101 Safari/537.36"
192.168.1.135 - - [14/Oct/2015:22:23:08 +0000] "GET /scripts/jquery-2.1.4.min.js HTTP/1.1" 200 29885 "http://192.168.1.117/admin/voucher" "Mozilla/5.0 (Macintosh; Intel Mac OS X 10_10_5) AppleWebKit/537.36 (KHTML, like Gecko) Chrome/45.0.2454.101 Safari/537.36"
192.168.1.135 - - [14/Oct/2015:22:23:08 +0000] "GET /styles/bootstrap.min.css HTTP/1.1" 200 20221 "http://192.168.1.117/admin/voucher" "Mozilla/5.0 (Macintosh; Intel Mac OS X 10_10_5) AppleWebKit/537.36 (KHTML, like Gecko) Chrome/45.0.2454.101 Safari/537.36"
192.168.1.135 - - [14/Oct/2015:22:23:14 +0000] "GET /admin/voucher HTTP/1.1" 200 897 "-" "Mozilla/5.0 (Macintosh; Intel Mac OS X 10_10_5) AppleWebKit/537.36 (KHTML, like Gecko) Chrome/45.0.2454.101 Safari/537.36"
192.168.1.135 - - [14/Oct/2015:22:23:19 +0000] "GET /scripts/application.js HTTP/1.1" 200 583 "http://192.168.1.117/admin/voucher" "Mozilla/5.0 (Macintosh; Intel Mac OS X 10_10_5) AppleWebKit/537.36 (KHTML, like Gecko) Chrome/45.0.2454.101 Safari/537.36"
192.168.1.135 - - [14/Oct/2015:22:23:19 +0000] "GET /styles/bootstrap-theme.min.css HTTP/1.1" 200 3072 "http://192.168.1.117/admin/voucher" "Mozilla/5.0 (Macintosh; Intel Mac OS X 10_10_5) AppleWebKit/537.36 (KHTML, like Gecko) Chrome/45.0.2454.101 Safari/537.36"
192.168.1.135 - - [14/Oct/2015:22:23:19 +0000] "GET /scripts/bootstrap.min.js HTTP/1.1" 200 10096 "http://192.168.1.117/admin/voucher" "Mozilla/5.0 (Macintosh; Intel Mac OS X 10_10_5) AppleWebKit/537.36 (KHTML, like Gecko) Chrome/45.0.2454.101 Safari/537.36"
192.168.1.135 - - [14/Oct/2015:22:23:19 +0000] "GET /scripts/jquery-2.1.4.min.js HTTP/1.1" 200 29885 "http://192.168.1.117/admin/voucher" "Mozilla/5.0 (Macintosh; Intel Mac OS X 10_10_5) AppleWebKit/537.36 (KHTML, like Gecko) Chrome/45.0.2454.101 Safari/537.36"
192.168.1.135 - - [14/Oct/2015:22:23:19 +0000] "GET /styles/bootstrap.min.css HTTP/1.1" 200 20221 "http://192.168.1.117/admin/voucher" "Mozilla/5.0 (Macintosh; Intel Mac OS X 10_10_5) AppleWebKit/537.36 (KHTML, like Gecko) Chrome/45.0.2454.101 Safari/537.36"
127.0.0.1 - - [14/Oct/2015:22:23:24 +0000] "GET /api/vouchers HTTP/1.1" 200 5637 "-" "-"
192.168.1.135 - - [14/Oct/2015:22:23:22 +0000] "GET /external_api/pull_data HTTP/1.1" 200 271 "http://192.168.1.117/admin/voucher" "Mozilla/5.0 (Macintosh; Intel Mac OS X 10_10_5) AppleWebKit/537.36 (KHTML, like Gecko) Chrome/45.0.2454.101 Safari/537.36"
192.168.1.135 - - [14/Oct/2015:22:23:25 +0000] "GET /admin/voucher HTTP/1.1" 200 8947 "http://192.168.1.117/admin/voucher" "Mozilla/5.0 (Macintosh; Intel Mac OS X 10_10_5) AppleWebKit/537.36 (KHTML, like Gecko) Chrome/45.0.2454.101 Safari/537.36"
192.168.1.135 - - [14/Oct/2015:22:24:01 +0000] "GET /api/clear_cache HTTP/1.1" 200 272 "-" "Mozilla/5.0 (Macintosh; Intel Mac OS X 10_10_5) AppleWebKit/537.36 (KHTML, like Gecko) Chrome/45.0.2454.101 Safari/537.36"
192.168.1.135 - - [14/Oct/2015:22:24:01 +0000] "GET /favicon.ico HTTP/1.1" 200 6818 "http://192.168.1.117/api/clear_cache" "Mozilla/5.0 (Macintosh; Intel Mac OS X 10_10_5) AppleWebKit/537.36 (KHTML, like Gecko) Chrome/45.0.2454.101 Safari/537.36"
192.168.1.135 - - [14/Oct/2015:22:24:03 +0000] "GET /api/clear_cache HTTP/1.1" 200 271 "-" "Mozilla/5.0 (Macintosh; Intel Mac OS X 10_10_5) AppleWebKit/537.36 (KHTML, like Gecko) Chrome/45.0.2454.101 Safari/537.36"
192.168.1.135 - - [14/Oct/2015:22:24:03 +0000] "GET /favicon.ico HTTP/1.1" 200 6818 "http://192.168.1.117/api/clear_cache" "Mozilla/5.0 (Macintosh; Intel Mac OS X 10_10_5) AppleWebKit/537.36 (KHTML, like Gecko) Chrome/45.0.2454.101 Safari/537.36"
192.168.1.135 - - [14/Oct/2015:22:24:04 +0000] "GET /api/clear_cache HTTP/1.1" 200 271 "-" "Mozilla/5.0 (Macintosh; Intel Mac OS X 10_10_5) AppleWebKit/537.36 (KHTML, like Gecko) Chrome/45.0.2454.101 Safari/537.36"
192.168.1.135 - - [14/Oct/2015:22:24:04 +0000] "GET /favicon.ico HTTP/1.1" 200 6818 "http://192.168.1.117/api/clear_cache" "Mozilla/5.0 (Macintosh; Intel Mac OS X 10_10_5) AppleWebKit/537.36 (KHTML, like Gecko) Chrome/45.0.2454.101 Safari/537.36"
192.168.1.135 - - [14/Oct/2015:22:24:10 +0000] "GET /admin/voucher HTTP/1.1" 200 897 "-" "Mozilla/5.0 (Macintosh; Intel Mac OS X 10_10_5) AppleWebKit/537.36 (KHTML, like Gecko) Chrome/45.0.2454.101 Safari/537.36"
192.168.1.135 - - [14/Oct/2015:22:24:11 +0000] "GET /scripts/application.js HTTP/1.1" 200 583 "http://192.168.1.117/admin/voucher" "Mozilla/5.0 (Macintosh; Intel Mac OS X 10_10_5) AppleWebKit/537.36 (KHTML, like Gecko) Chrome/45.0.2454.101 Safari/537.36"
192.168.1.135 - - [14/Oct/2015:22:24:11 +0000] "GET /scripts/bootstrap.min.js HTTP/1.1" 200 10096 "http://192.168.1.117/admin/voucher" "Mozilla/5.0 (Macintosh; Intel Mac OS X 10_10_5) AppleWebKit/537.36 (KHTML, like Gecko) Chrome/45.0.2454.101 Safari/537.36"
192.168.1.135 - - [14/Oct/2015:22:24:11 +0000] "GET /styles/bootstrap-theme.min.css HTTP/1.1" 200 3072 "http://192.168.1.117/admin/voucher" "Mozilla/5.0 (Macintosh; Intel Mac OS X 10_10_5) AppleWebKit/537.36 (KHTML, like Gecko) Chrome/45.0.2454.101 Safari/537.36"
192.168.1.135 - - [14/Oct/2015:22:24:11 +0000] "GET /scripts/jquery-2.1.4.min.js HTTP/1.1" 200 29885 "http://192.168.1.117/admin/voucher" "Mozilla/5.0 (Macintosh; Intel Mac OS X 10_10_5) AppleWebKit/537.36 (KHTML, like Gecko) Chrome/45.0.2454.101 Safari/537.36"
192.168.1.135 - - [14/Oct/2015:22:24:11 +0000] "GET /styles/bootstrap.min.css HTTP/1.1" 200 20221 "http://192.168.1.117/admin/voucher" "Mozilla/5.0 (Macintosh; Intel Mac OS X 10_10_5) AppleWebKit/537.36 (KHTML, like Gecko) Chrome/45.0.2454.101 Safari/537.36"
127.0.0.1 - - [14/Oct/2015:22:24:15 +0000] "GET /api/vouchers HTTP/1.1" 200 4409 "-" "-"
192.168.1.135 - - [14/Oct/2015:22:24:15 +0000] "GET /external_api/pull_data HTTP/1.1" 200 271 "http://192.168.1.117/admin/voucher" "Mozilla/5.0 (Macintosh; Intel Mac OS X 10_10_5) AppleWebKit/537.36 (KHTML, like Gecko) Chrome/45.0.2454.101 Safari/537.36"
192.168.1.135 - - [14/Oct/2015:22:24:16 +0000] "GET /admin/voucher HTTP/1.1" 200 7207 "http://192.168.1.117/admin/voucher" "Mozilla/5.0 (Macintosh; Intel Mac OS X 10_10_5) AppleWebKit/537.36 (KHTML, like Gecko) Chrome/45.0.2454.101 Safari/537.36"
192.168.1.135 - - [14/Oct/2015:22:25:09 +0000] "GET /admin/voucher HTTP/1.1" 200 1791 "-" "Mozilla/5.0 (Macintosh; Intel Mac OS X 10_10_5) AppleWebKit/537.36 (KHTML, like Gecko) Chrome/45.0.2454.101 Safari/537.36"
192.168.1.135 - - [14/Oct/2015:22:25:10 +0000] "GET /scripts/application.js HTTP/1.1" 200 589 "http://192.168.1.117/admin/voucher" "Mozilla/5.0 (Macintosh; Intel Mac OS X 10_10_5) AppleWebKit/537.36 (KHTML, like Gecko) Chrome/45.0.2454.101 Safari/537.36"
192.168.1.135 - - [14/Oct/2015:22:25:10 +0000] "GET /scripts/bootstrap.min.js HTTP/1.1" 200 10096 "http://192.168.1.117/admin/voucher" "Mozilla/5.0 (Macintosh; Intel Mac OS X 10_10_5) AppleWebKit/537.36 (KHTML, like Gecko) Chrome/45.0.2454.101 Safari/537.36"
192.168.1.135 - - [14/Oct/2015:22:25:10 +0000] "GET /styles/bootstrap-theme.min.css HTTP/1.1" 200 3072 "http://192.168.1.117/admin/voucher" "Mozilla/5.0 (Macintosh; Intel Mac OS X 10_10_5) AppleWebKit/537.36 (KHTML, like Gecko) Chrome/45.0.2454.101 Safari/537.36"
192.168.1.135 - - [14/Oct/2015:22:25:10 +0000] "GET /scripts/jquery-2.1.4.min.js HTTP/1.1" 200 29885 "http://192.168.1.117/admin/voucher" "Mozilla/5.0 (Macintosh; Intel Mac OS X 10_10_5) AppleWebKit/537.36 (KHTML, like Gecko) Chrome/45.0.2454.101 Safari/537.36"
192.168.1.135 - - [14/Oct/2015:22:25:10 +0000] "GET /styles/bootstrap.min.css HTTP/1.1" 200 20221 "http://192.168.1.117/admin/voucher" "Mozilla/5.0 (Macintosh; Intel Mac OS X 10_10_5) AppleWebKit/537.36 (KHTML, like Gecko) Chrome/45.0.2454.101 Safari/537.36"
192.168.1.135 - - [14/Oct/2015:22:25:34 +0000] "GET /api/clear_cache HTTP/1.1" 200 272 "-" "Mozilla/5.0 (Macintosh; Intel Mac OS X 10_10_5) AppleWebKit/537.36 (KHTML, like Gecko) Chrome/45.0.2454.101 Safari/537.36"
192.168.1.135 - - [14/Oct/2015:22:25:34 +0000] "GET /favicon.ico HTTP/1.1" 200 6818 "http://192.168.1.117/api/clear_cache" "Mozilla/5.0 (Macintosh; Intel Mac OS X 10_10_5) AppleWebKit/537.36 (KHTML, like Gecko) Chrome/45.0.2454.101 Safari/537.36"
192.168.1.135 - - [14/Oct/2015:22:25:35 +0000] "GET /api/clear_cache HTTP/1.1" 200 271 "-" "Mozilla/5.0 (Macintosh; Intel Mac OS X 10_10_5) AppleWebKit/537.36 (KHTML, like Gecko) Chrome/45.0.2454.101 Safari/537.36"
192.168.1.135 - - [14/Oct/2015:22:25:35 +0000] "GET /favicon.ico HTTP/1.1" 200 6818 "http://192.168.1.117/api/clear_cache" "Mozilla/5.0 (Macintosh; Intel Mac OS X 10_10_5) AppleWebKit/537.36 (KHTML, like Gecko) Chrome/45.0.2454.101 Safari/537.36"
192.168.1.135 - - [14/Oct/2015:22:25:36 +0000] "GET /api/clear_cache HTTP/1.1" 200 271 "-" "Mozilla/5.0 (Macintosh; Intel Mac OS X 10_10_5) AppleWebKit/537.36 (KHTML, like Gecko) Chrome/45.0.2454.101 Safari/537.36"
192.168.1.135 - - [14/Oct/2015:22:25:36 +0000] "GET /favicon.ico HTTP/1.1" 200 6818 "http://192.168.1.117/api/clear_cache" "Mozilla/5.0 (Macintosh; Intel Mac OS X 10_10_5) AppleWebKit/537.36 (KHTML, like Gecko) Chrome/45.0.2454.101 Safari/537.36"
192.168.1.135 - - [14/Oct/2015:22:25:38 +0000] "GET /admin/voucher HTTP/1.1" 200 896 "-" "Mozilla/5.0 (Macintosh; Intel Mac OS X 10_10_5) AppleWebKit/537.36 (KHTML, like Gecko) Chrome/45.0.2454.101 Safari/537.36"
192.168.1.135 - - [14/Oct/2015:22:25:39 +0000] "GET /scripts/application.js HTTP/1.1" 200 589 "http://192.168.1.117/admin/voucher" "Mozilla/5.0 (Macintosh; Intel Mac OS X 10_10_5) AppleWebKit/537.36 (KHTML, like Gecko) Chrome/45.0.2454.101 Safari/537.36"
192.168.1.135 - - [14/Oct/2015:22:25:39 +0000] "GET /scripts/bootstrap.min.js HTTP/1.1" 200 10096 "http://192.168.1.117/admin/voucher" "Mozilla/5.0 (Macintosh; Intel Mac OS X 10_10_5) AppleWebKit/537.36 (KHTML, like Gecko) Chrome/45.0.2454.101 Safari/537.36"
192.168.1.135 - - [14/Oct/2015:22:25:39 +0000] "GET /styles/bootstrap-theme.min.css HTTP/1.1" 200 3072 "http://192.168.1.117/admin/voucher" "Mozilla/5.0 (Macintosh; Intel Mac OS X 10_10_5) AppleWebKit/537.36 (KHTML, like Gecko) Chrome/45.0.2454.101 Safari/537.36"
192.168.1.135 - - [14/Oct/2015:22:25:39 +0000] "GET /scripts/jquery-2.1.4.min.js HTTP/1.1" 200 29885 "http://192.168.1.117/admin/voucher" "Mozilla/5.0 (Macintosh; Intel Mac OS X 10_10_5) AppleWebKit/537.36 (KHTML, like Gecko) Chrome/45.0.2454.101 Safari/537.36"
192.168.1.135 - - [14/Oct/2015:22:25:39 +0000] "GET /styles/bootstrap.min.css HTTP/1.1" 200 20221 "http://192.168.1.117/admin/voucher" "Mozilla/5.0 (Macintosh; Intel Mac OS X 10_10_5) AppleWebKit/537.36 (KHTML, like Gecko) Chrome/45.0.2454.101 Safari/537.36"
127.0.0.1 - - [14/Oct/2015:22:25:41 +0000] "GET /api/vouchers HTTP/1.1" 200 4409 "-" "-"
192.168.1.135 - - [14/Oct/2015:22:25:41 +0000] "GET /external_api/pull_data HTTP/1.1" 200 271 "http://192.168.1.117/admin/voucher" "Mozilla/5.0 (Macintosh; Intel Mac OS X 10_10_5) AppleWebKit/537.36 (KHTML, like Gecko) Chrome/45.0.2454.101 Safari/537.36"
192.168.1.135 - - [14/Oct/2015:22:25:42 +0000] "GET /admin/voucher HTTP/1.1" 200 7207 "http://192.168.1.117/admin/voucher" "Mozilla/5.0 (Macintosh; Intel Mac OS X 10_10_5) AppleWebKit/537.36 (KHTML, like Gecko) Chrome/45.0.2454.101 Safari/537.36"
192.168.1.135 - - [14/Oct/2015:22:27:06 +0000] "GET /api/clear_cache HTTP/1.1" 200 272 "-" "Mozilla/5.0 (Macintosh; Intel Mac OS X 10_10_5) AppleWebKit/537.36 (KHTML, like Gecko) Chrome/45.0.2454.101 Safari/537.36"
192.168.1.135 - - [14/Oct/2015:22:27:06 +0000] "GET /favicon.ico HTTP/1.1" 200 6818 "http://192.168.1.117/api/clear_cache" "Mozilla/5.0 (Macintosh; Intel Mac OS X 10_10_5) AppleWebKit/537.36 (KHTML, like Gecko) Chrome/45.0.2454.101 Safari/537.36"
192.168.1.135 - - [14/Oct/2015:22:27:06 +0000] "GET /api/clear_cache HTTP/1.1" 200 271 "-" "Mozilla/5.0 (Macintosh; Intel Mac OS X 10_10_5) AppleWebKit/537.36 (KHTML, like Gecko) Chrome/45.0.2454.101 Safari/537.36"
192.168.1.135 - - [14/Oct/2015:22:27:07 +0000] "GET /favicon.ico HTTP/1.1" 200 6818 "http://192.168.1.117/api/clear_cache" "Mozilla/5.0 (Macintosh; Intel Mac OS X 10_10_5) AppleWebKit/537.36 (KHTML, like Gecko) Chrome/45.0.2454.101 Safari/537.36"
192.168.1.135 - - [14/Oct/2015:22:27:09 +0000] "GET /admin/voucher HTTP/1.1" 200 896 "-" "Mozilla/5.0 (Macintosh; Intel Mac OS X 10_10_5) AppleWebKit/537.36 (KHTML, like Gecko) Chrome/45.0.2454.101 Safari/537.36"
192.168.1.135 - - [14/Oct/2015:22:27:10 +0000] "GET /scripts/application.js HTTP/1.1" 200 586 "http://192.168.1.117/admin/voucher" "Mozilla/5.0 (Macintosh; Intel Mac OS X 10_10_5) AppleWebKit/537.36 (KHTML, like Gecko) Chrome/45.0.2454.101 Safari/537.36"
192.168.1.135 - - [14/Oct/2015:22:27:10 +0000] "GET /scripts/bootstrap.min.js HTTP/1.1" 200 10096 "http://192.168.1.117/admin/voucher" "Mozilla/5.0 (Macintosh; Intel Mac OS X 10_10_5) AppleWebKit/537.36 (KHTML, like Gecko) Chrome/45.0.2454.101 Safari/537.36"
192.168.1.135 - - [14/Oct/2015:22:27:10 +0000] "GET /styles/bootstrap-theme.min.css HTTP/1.1" 200 3072 "http://192.168.1.117/admin/voucher" "Mozilla/5.0 (Macintosh; Intel Mac OS X 10_10_5) AppleWebKit/537.36 (KHTML, like Gecko) Chrome/45.0.2454.101 Safari/537.36"
192.168.1.135 - - [14/Oct/2015:22:27:10 +0000] "GET /scripts/jquery-2.1.4.min.js HTTP/1.1" 200 29885 "http://192.168.1.117/admin/voucher" "Mozilla/5.0 (Macintosh; Intel Mac OS X 10_10_5) AppleWebKit/537.36 (KHTML, like Gecko) Chrome/45.0.2454.101 Safari/537.36"
192.168.1.135 - - [14/Oct/2015:22:27:10 +0000] "GET /styles/bootstrap.min.css HTTP/1.1" 200 20221 "http://192.168.1.117/admin/voucher" "Mozilla/5.0 (Macintosh; Intel Mac OS X 10_10_5) AppleWebKit/537.36 (KHTML, like Gecko) Chrome/45.0.2454.101 Safari/537.36"
127.0.0.1 - - [14/Oct/2015:22:27:13 +0000] "GET /api/vouchers HTTP/1.1" 200 4409 "-" "-"
192.168.1.135 - - [14/Oct/2015:22:27:13 +0000] "GET /external_api/pull_data HTTP/1.1" 200 271 "http://192.168.1.117/admin/voucher" "Mozilla/5.0 (Macintosh; Intel Mac OS X 10_10_5) AppleWebKit/537.36 (KHTML, like Gecko) Chrome/45.0.2454.101 Safari/537.36"
192.168.1.135 - - [14/Oct/2015:22:27:14 +0000] "GET /admin/voucher HTTP/1.1" 200 7207 "http://192.168.1.117/admin/voucher" "Mozilla/5.0 (Macintosh; Intel Mac OS X 10_10_5) AppleWebKit/537.36 (KHTML, like Gecko) Chrome/45.0.2454.101 Safari/537.36"
::1 - - [14/Oct/2015:22:27:22 +0000] "OPTIONS * HTTP/1.0" 200 125 "-" "Apache/2.4.7 (Ubuntu) PHP/5.5.9-1ubuntu4.13 (internal dummy connection)"
192.168.1.135 - - [14/Oct/2015:22:29:36 +0000] "GET /admin/voucher HTTP/1.1" 200 1790 "-" "Mozilla/5.0 (Macintosh; Intel Mac OS X 10_10_5) AppleWebKit/537.36 (KHTML, like Gecko) Chrome/45.0.2454.101 Safari/537.36"
192.168.1.135 - - [14/Oct/2015:22:29:37 +0000] "GET /scripts/application.js HTTP/1.1" 200 600 "http://192.168.1.117/admin/voucher" "Mozilla/5.0 (Macintosh; Intel Mac OS X 10_10_5) AppleWebKit/537.36 (KHTML, like Gecko) Chrome/45.0.2454.101 Safari/537.36"
192.168.1.135 - - [14/Oct/2015:22:29:37 +0000] "GET /styles/bootstrap-theme.min.css HTTP/1.1" 200 3072 "http://192.168.1.117/admin/voucher" "Mozilla/5.0 (Macintosh; Intel Mac OS X 10_10_5) AppleWebKit/537.36 (KHTML, like Gecko) Chrome/45.0.2454.101 Safari/537.36"
192.168.1.135 - - [14/Oct/2015:22:29:37 +0000] "GET /scripts/bootstrap.min.js HTTP/1.1" 200 10096 "http://192.168.1.117/admin/voucher" "Mozilla/5.0 (Macintosh; Intel Mac OS X 10_10_5) AppleWebKit/537.36 (KHTML, like Gecko) Chrome/45.0.2454.101 Safari/537.36"
192.168.1.135 - - [14/Oct/2015:22:29:37 +0000] "GET /scripts/jquery-2.1.4.min.js HTTP/1.1" 200 29885 "http://192.168.1.117/admin/voucher" "Mozilla/5.0 (Macintosh; Intel Mac OS X 10_10_5) AppleWebKit/537.36 (KHTML, like Gecko) Chrome/45.0.2454.101 Safari/537.36"
192.168.1.135 - - [14/Oct/2015:22:29:37 +0000] "GET /styles/bootstrap.min.css HTTP/1.1" 200 20221 "http://192.168.1.117/admin/voucher" "Mozilla/5.0 (Macintosh; Intel Mac OS X 10_10_5) AppleWebKit/537.36 (KHTML, like Gecko) Chrome/45.0.2454.101 Safari/537.36"
127.0.0.1 - - [14/Oct/2015:22:29:39 +0000] "GET /api/vouchers HTTP/1.1" 200 5637 "-" "-"
192.168.1.135 - - [14/Oct/2015:22:29:39 +0000] "GET /external_api/pull_data HTTP/1.1" 200 271 "http://192.168.1.117/admin/voucher" "Mozilla/5.0 (Macintosh; Intel Mac OS X 10_10_5) AppleWebKit/537.36 (KHTML, like Gecko) Chrome/45.0.2454.101 Safari/537.36"
192.168.1.135 - - [14/Oct/2015:22:29:40 +0000] "GET /admin/voucher HTTP/1.1" 200 8947 "http://192.168.1.117/admin/voucher" "Mozilla/5.0 (Macintosh; Intel Mac OS X 10_10_5) AppleWebKit/537.36 (KHTML, like Gecko) Chrome/45.0.2454.101 Safari/537.36"
192.168.1.135 - - [14/Oct/2015:22:31:05 +0000] "GET /admin/voucher HTTP/1.1" 200 898 "-" "Mozilla/5.0 (Macintosh; Intel Mac OS X 10_10_5) AppleWebKit/537.36 (KHTML, like Gecko) Chrome/45.0.2454.101 Safari/537.36"
192.168.1.135 - - [14/Oct/2015:22:31:10 +0000] "GET /styles/bootstrap-theme.min.css HTTP/1.1" 200 3072 "http://192.168.1.117/admin/voucher" "Mozilla/5.0 (Macintosh; Intel Mac OS X 10_10_5) AppleWebKit/537.36 (KHTML, like Gecko) Chrome/45.0.2454.101 Safari/537.36"
192.168.1.135 - - [14/Oct/2015:22:31:10 +0000] "GET /scripts/bootstrap.min.js HTTP/1.1" 200 10096 "http://192.168.1.117/admin/voucher" "Mozilla/5.0 (Macintosh; Intel Mac OS X 10_10_5) AppleWebKit/537.36 (KHTML, like Gecko) Chrome/45.0.2454.101 Safari/537.36"
192.168.1.135 - - [14/Oct/2015:22:31:10 +0000] "GET /scripts/application.js HTTP/1.1" 200 600 "http://192.168.1.117/admin/voucher" "Mozilla/5.0 (Macintosh; Intel Mac OS X 10_10_5) AppleWebKit/537.36 (KHTML, like Gecko) Chrome/45.0.2454.101 Safari/537.36"
192.168.1.135 - - [14/Oct/2015:22:31:10 +0000] "GET /scripts/jquery-2.1.4.min.js HTTP/1.1" 200 29885 "http://192.168.1.117/admin/voucher" "Mozilla/5.0 (Macintosh; Intel Mac OS X 10_10_5) AppleWebKit/537.36 (KHTML, like Gecko) Chrome/45.0.2454.101 Safari/537.36"
192.168.1.135 - - [14/Oct/2015:22:31:10 +0000] "GET /styles/bootstrap.min.css HTTP/1.1" 200 20221 "http://192.168.1.117/admin/voucher" "Mozilla/5.0 (Macintosh; Intel Mac OS X 10_10_5) AppleWebKit/537.36 (KHTML, like Gecko) Chrome/45.0.2454.101 Safari/537.36"
127.0.0.1 - - [14/Oct/2015:22:31:14 +0000] "GET /api/vouchers HTTP/1.1" 200 5637 "-" "-"
192.168.1.135 - - [14/Oct/2015:22:31:13 +0000] "GET /external_api/pull_data HTTP/1.1" 200 271 "http://192.168.1.117/admin/voucher" "Mozilla/5.0 (Macintosh; Intel Mac OS X 10_10_5) AppleWebKit/537.36 (KHTML, like Gecko) Chrome/45.0.2454.101 Safari/537.36"
192.168.1.135 - - [14/Oct/2015:22:31:15 +0000] "GET /admin/voucher HTTP/1.1" 200 7554 "http://192.168.1.117/admin/voucher" "Mozilla/5.0 (Macintosh; Intel Mac OS X 10_10_5) AppleWebKit/537.36 (KHTML, like Gecko) Chrome/45.0.2454.101 Safari/537.36"
127.0.0.1 - - [14/Oct/2015:22:31:20 +0000] "GET /api/vouchers HTTP/1.1" 200 5637 "-" "-"
192.168.1.135 - - [14/Oct/2015:22:31:20 +0000] "GET /external_api/pull_data HTTP/1.1" 200 271 "http://192.168.1.117/admin/voucher" "Mozilla/5.0 (Macintosh; Intel Mac OS X 10_10_5) AppleWebKit/537.36 (KHTML, like Gecko) Chrome/45.0.2454.101 Safari/537.36"
192.168.1.135 - - [14/Oct/2015:22:31:21 +0000] "GET /admin/voucher HTTP/1.1" 200 7554 "http://192.168.1.117/admin/voucher" "Mozilla/5.0 (Macintosh; Intel Mac OS X 10_10_5) AppleWebKit/537.36 (KHTML, like Gecko) Chrome/45.0.2454.101 Safari/537.36"
192.168.1.135 - - [14/Oct/2015:22:32:02 +0000] "GET /api/clear_cache HTTP/1.1" 200 272 "-" "Mozilla/5.0 (Macintosh; Intel Mac OS X 10_10_5) AppleWebKit/537.36 (KHTML, like Gecko) Chrome/45.0.2454.101 Safari/537.36"
192.168.1.135 - - [14/Oct/2015:22:32:02 +0000] "GET /favicon.ico HTTP/1.1" 200 6818 "http://192.168.1.117/api/clear_cache" "Mozilla/5.0 (Macintosh; Intel Mac OS X 10_10_5) AppleWebKit/537.36 (KHTML, like Gecko) Chrome/45.0.2454.101 Safari/537.36"
192.168.1.135 - - [14/Oct/2015:22:32:02 +0000] "GET /api/clear_cache HTTP/1.1" 200 271 "-" "Mozilla/5.0 (Macintosh; Intel Mac OS X 10_10_5) AppleWebKit/537.36 (KHTML, like Gecko) Chrome/45.0.2454.101 Safari/537.36"
192.168.1.135 - - [14/Oct/2015:22:32:02 +0000] "GET /favicon.ico HTTP/1.1" 200 6818 "http://192.168.1.117/api/clear_cache" "Mozilla/5.0 (Macintosh; Intel Mac OS X 10_10_5) AppleWebKit/537.36 (KHTML, like Gecko) Chrome/45.0.2454.101 Safari/537.36"
192.168.1.135 - - [14/Oct/2015:22:32:03 +0000] "GET /api/clear_cache HTTP/1.1" 200 271 "-" "Mozilla/5.0 (Macintosh; Intel Mac OS X 10_10_5) AppleWebKit/537.36 (KHTML, like Gecko) Chrome/45.0.2454.101 Safari/537.36"
192.168.1.135 - - [14/Oct/2015:22:32:03 +0000] "GET /favicon.ico HTTP/1.1" 200 6818 "http://192.168.1.117/api/clear_cache" "Mozilla/5.0 (Macintosh; Intel Mac OS X 10_10_5) AppleWebKit/537.36 (KHTML, like Gecko) Chrome/45.0.2454.101 Safari/537.36"
192.168.1.135 - - [14/Oct/2015:22:32:04 +0000] "GET /admin/voucher HTTP/1.1" 200 897 "-" "Mozilla/5.0 (Macintosh; Intel Mac OS X 10_10_5) AppleWebKit/537.36 (KHTML, like Gecko) Chrome/45.0.2454.101 Safari/537.36"
192.168.1.135 - - [14/Oct/2015:22:32:05 +0000] "GET /scripts/application.js HTTP/1.1" 200 600 "http://192.168.1.117/admin/voucher" "Mozilla/5.0 (Macintosh; Intel Mac OS X 10_10_5) AppleWebKit/537.36 (KHTML, like Gecko) Chrome/45.0.2454.101 Safari/537.36"
192.168.1.135 - - [14/Oct/2015:22:32:05 +0000] "GET /styles/bootstrap-theme.min.css HTTP/1.1" 200 3072 "http://192.168.1.117/admin/voucher" "Mozilla/5.0 (Macintosh; Intel Mac OS X 10_10_5) AppleWebKit/537.36 (KHTML, like Gecko) Chrome/45.0.2454.101 Safari/537.36"
192.168.1.135 - - [14/Oct/2015:22:32:05 +0000] "GET /scripts/bootstrap.min.js HTTP/1.1" 200 10096 "http://192.168.1.117/admin/voucher" "Mozilla/5.0 (Macintosh; Intel Mac OS X 10_10_5) AppleWebKit/537.36 (KHTML, like Gecko) Chrome/45.0.2454.101 Safari/537.36"
192.168.1.135 - - [14/Oct/2015:22:32:05 +0000] "GET /scripts/jquery-2.1.4.min.js HTTP/1.1" 200 29885 "http://192.168.1.117/admin/voucher" "Mozilla/5.0 (Macintosh; Intel Mac OS X 10_10_5) AppleWebKit/537.36 (KHTML, like Gecko) Chrome/45.0.2454.101 Safari/537.36"
192.168.1.135 - - [14/Oct/2015:22:32:05 +0000] "GET /styles/bootstrap.min.css HTTP/1.1" 200 20221 "http://192.168.1.117/admin/voucher" "Mozilla/5.0 (Macintosh; Intel Mac OS X 10_10_5) AppleWebKit/537.36 (KHTML, like Gecko) Chrome/45.0.2454.101 Safari/537.36"
127.0.0.1 - - [14/Oct/2015:22:32:07 +0000] "GET /api/vouchers HTTP/1.1" 200 4409 "-" "-"
192.168.1.135 - - [14/Oct/2015:22:32:07 +0000] "GET /external_api/pull_data HTTP/1.1" 200 271 "http://192.168.1.117/admin/voucher" "Mozilla/5.0 (Macintosh; Intel Mac OS X 10_10_5) AppleWebKit/537.36 (KHTML, like Gecko) Chrome/45.0.2454.101 Safari/537.36"
192.168.1.135 - - [14/Oct/2015:22:32:08 +0000] "GET /admin/voucher HTTP/1.1" 200 6001 "http://192.168.1.117/admin/voucher" "Mozilla/5.0 (Macintosh; Intel Mac OS X 10_10_5) AppleWebKit/537.36 (KHTML, like Gecko) Chrome/45.0.2454.101 Safari/537.36"
127.0.0.1 - - [14/Oct/2015:22:32:16 +0000] "GET /api/vouchers HTTP/1.1" 200 5637 "-" "-"
192.168.1.135 - - [14/Oct/2015:22:32:16 +0000] "GET /external_api/pull_data HTTP/1.1" 200 272 "http://192.168.1.117/admin/voucher" "Mozilla/5.0 (Macintosh; Intel Mac OS X 10_10_5) AppleWebKit/537.36 (KHTML, like Gecko) Chrome/45.0.2454.101 Safari/537.36"
192.168.1.135 - - [14/Oct/2015:22:32:17 +0000] "GET /admin/voucher HTTP/1.1" 200 7554 "http://192.168.1.117/admin/voucher" "Mozilla/5.0 (Macintosh; Intel Mac OS X 10_10_5) AppleWebKit/537.36 (KHTML, like Gecko) Chrome/45.0.2454.101 Safari/537.36"
192.168.1.135 - - [16/Oct/2015:09:05:34 +0000] "GET /admin/voucher HTTP/1.1" 200 1968 "-" "Mozilla/5.0 (Macintosh; Intel Mac OS X 10_10_5) AppleWebKit/537.36 (KHTML, like Gecko) Chrome/45.0.2454.101 Safari/537.36"
192.168.1.135 - - [16/Oct/2015:09:05:35 +0000] "GET /scripts/application.js HTTP/1.1" 200 651 "http://192.168.1.117/admin/voucher" "Mozilla/5.0 (Macintosh; Intel Mac OS X 10_10_5) AppleWebKit/537.36 (KHTML, like Gecko) Chrome/45.0.2454.101 Safari/537.36"
192.168.1.135 - - [16/Oct/2015:09:05:35 +0000] "GET /styles/bootstrap-theme.min.css HTTP/1.1" 200 3072 "http://192.168.1.117/admin/voucher" "Mozilla/5.0 (Macintosh; Intel Mac OS X 10_10_5) AppleWebKit/537.36 (KHTML, like Gecko) Chrome/45.0.2454.101 Safari/537.36"
192.168.1.135 - - [16/Oct/2015:09:05:35 +0000] "GET /scripts/bootstrap.min.js HTTP/1.1" 200 10096 "http://192.168.1.117/admin/voucher" "Mozilla/5.0 (Macintosh; Intel Mac OS X 10_10_5) AppleWebKit/537.36 (KHTML, like Gecko) Chrome/45.0.2454.101 Safari/537.36"
192.168.1.135 - - [16/Oct/2015:09:05:35 +0000] "GET /scripts/jquery-2.1.4.min.js HTTP/1.1" 200 29885 "http://192.168.1.117/admin/voucher" "Mozilla/5.0 (Macintosh; Intel Mac OS X 10_10_5) AppleWebKit/537.36 (KHTML, like Gecko) Chrome/45.0.2454.101 Safari/537.36"
192.168.1.135 - - [16/Oct/2015:09:05:35 +0000] "GET /styles/bootstrap.min.css HTTP/1.1" 200 20221 "http://192.168.1.117/admin/voucher" "Mozilla/5.0 (Macintosh; Intel Mac OS X 10_10_5) AppleWebKit/537.36 (KHTML, like Gecko) Chrome/45.0.2454.101 Safari/537.36"
192.168.1.135 - - [16/Oct/2015:14:44:56 +0000] "GET /admin/voucher HTTP/1.1" 200 1958 "-" "Mozilla/5.0 (Macintosh; Intel Mac OS X 10_10_5) AppleWebKit/537.36 (KHTML, like Gecko) Chrome/45.0.2454.101 Safari/537.36"
192.168.1.135 - - [16/Oct/2015:14:44:57 +0000] "GET /styles/bootstrap-theme.min.css HTTP/1.1" 200 3072 "http://192.168.1.117/admin/voucher" "Mozilla/5.0 (Macintosh; Intel Mac OS X 10_10_5) AppleWebKit/537.36 (KHTML, like Gecko) Chrome/45.0.2454.101 Safari/537.36"
192.168.1.135 - - [16/Oct/2015:14:44:57 +0000] "GET /scripts/application.js HTTP/1.1" 200 652 "http://192.168.1.117/admin/voucher" "Mozilla/5.0 (Macintosh; Intel Mac OS X 10_10_5) AppleWebKit/537.36 (KHTML, like Gecko) Chrome/45.0.2454.101 Safari/537.36"
192.168.1.135 - - [16/Oct/2015:14:44:57 +0000] "GET /styles/bootstrap.min.css HTTP/1.1" 200 20221 "http://192.168.1.117/admin/voucher" "Mozilla/5.0 (Macintosh; Intel Mac OS X 10_10_5) AppleWebKit/537.36 (KHTML, like Gecko) Chrome/45.0.2454.101 Safari/537.36"
192.168.1.135 - - [16/Oct/2015:14:44:57 +0000] "GET /scripts/jquery-2.1.4.min.js HTTP/1.1" 200 29885 "http://192.168.1.117/admin/voucher" "Mozilla/5.0 (Macintosh; Intel Mac OS X 10_10_5) AppleWebKit/537.36 (KHTML, like Gecko) Chrome/45.0.2454.101 Safari/537.36"
192.168.1.135 - - [16/Oct/2015:14:44:59 +0000] "GET /external_api/pull_data HTTP/1.1" 500 743 "http://192.168.1.117/admin/voucher" "Mozilla/5.0 (Macintosh; Intel Mac OS X 10_10_5) AppleWebKit/537.36 (KHTML, like Gecko) Chrome/45.0.2454.101 Safari/537.36"
192.168.1.135 - - [16/Oct/2015:14:45:08 +0000] "GET /external_api/pull_data HTTP/1.1" 500 743 "http://192.168.1.117/admin/voucher" "Mozilla/5.0 (Macintosh; Intel Mac OS X 10_10_5) AppleWebKit/537.36 (KHTML, like Gecko) Chrome/45.0.2454.101 Safari/537.36"
192.168.1.135 - - [16/Oct/2015:14:45:38 +0000] "GET /external_api/pull_data HTTP/1.1" 500 743 "-" "Mozilla/5.0 (Macintosh; Intel Mac OS X 10_10_5) AppleWebKit/537.36 (KHTML, like Gecko) Chrome/45.0.2454.101 Safari/537.36"
127.0.0.1 - - [16/Oct/2015:14:45:47 +0000] "GET /api/vouchers HTTP/1.1" 200 5637 "-" "-"
127.0.0.1 - - [16/Oct/2015:14:47:42 +0000] "GET /api/vouchers HTTP/1.1" 200 5637 "-" "-"
192.168.1.135 - - [16/Oct/2015:14:47:38 +0000] "GET /external_api/pull_data HTTP/1.1" 200 272 "http://192.168.1.117/admin/voucher" "Mozilla/5.0 (Macintosh; Intel Mac OS X 10_10_5) AppleWebKit/537.36 (KHTML, like Gecko) Chrome/45.0.2454.101 Safari/537.36"
192.168.1.135 - - [16/Oct/2015:14:47:43 +0000] "GET /admin/voucher HTTP/1.1" 200 7820 "http://192.168.1.117/admin/voucher" "Mozilla/5.0 (Macintosh; Intel Mac OS X 10_10_5) AppleWebKit/537.36 (KHTML, like Gecko) Chrome/45.0.2454.101 Safari/537.36"
