192.168.1.135 - - [13/Oct/2015:20:45:13 +0000] "GET /app_dev.php/cron/fetch_data HTTP/1.1" 500 153736 "-" "Mozilla/5.0 (Macintosh; Intel Mac OS X 10_10_5) AppleWebKit/537.36 (KHTML, like Gecko) Chrome/45.0.2454.101 Safari/537.36"
192.168.1.135 - - [13/Oct/2015:20:45:16 +0000] "GET /bundles/framework/css/exception.css HTTP/1.1" 200 1118 "http://192.168.1.117/app_dev.php/cron/fetch_data" "Mozilla/5.0 (Macintosh; Intel Mac OS X 10_10_5) AppleWebKit/537.36 (KHTML, like Gecko) Chrome/45.0.2454.101 Safari/537.36"
192.168.1.135 - - [13/Oct/2015:20:45:16 +0000] "GET /bundles/framework/css/body.css HTTP/1.1" 200 3143 "http://192.168.1.117/app_dev.php/cron/fetch_data" "Mozilla/5.0 (Macintosh; Intel Mac OS X 10_10_5) AppleWebKit/537.36 (KHTML, like Gecko) Chrome/45.0.2454.101 Safari/537.36"
192.168.1.135 - - [13/Oct/2015:20:45:16 +0000] "GET /bundles/framework/css/structure.css HTTP/1.1" 200 928 "http://192.168.1.117/app_dev.php/cron/fetch_data" "Mozilla/5.0 (Macintosh; Intel Mac OS X 10_10_5) AppleWebKit/537.36 (KHTML, like Gecko) Chrome/45.0.2454.101 Safari/537.36"
192.168.1.135 - - [13/Oct/2015:20:45:16 +0000] "GET /favicon.ico HTTP/1.1" 200 6818 "http://192.168.1.117/app_dev.php/cron/fetch_data" "Mozilla/5.0 (Macintosh; Intel Mac OS X 10_10_5) AppleWebKit/537.36 (KHTML, like Gecko) Chrome/45.0.2454.101 Safari/537.36"
192.168.1.135 - - [13/Oct/2015:20:45:16 +0000] "GET /app_dev.php/_wdt/acef72 HTTP/1.1" 200 8365 "http://192.168.1.117/app_dev.php/cron/fetch_data" "Mozilla/5.0 (Macintosh; Intel Mac OS X 10_10_5) AppleWebKit/537.36 (KHTML, like Gecko) Chrome/45.0.2454.101 Safari/537.36"
127.0.0.1 - - [13/Oct/2015:20:45:41 +0000] "GET /api/vouchers HTTP/1.1" 200 5988 "-" "-"
192.168.1.135 - - [13/Oct/2015:20:45:43 +0000] "GET /bundles/framework/css/structure.css HTTP/1.1" 200 928 "http://192.168.1.117/app_dev.php/cron/fetch_data" "Mozilla/5.0 (Macintosh; Intel Mac OS X 10_10_5) AppleWebKit/537.36 (KHTML, like Gecko) Chrome/45.0.2454.101 Safari/537.36"
192.168.1.135 - - [13/Oct/2015:20:45:43 +0000] "GET /bundles/framework/css/exception.css HTTP/1.1" 200 1118 "http://192.168.1.117/app_dev.php/cron/fetch_data" "Mozilla/5.0 (Macintosh; Intel Mac OS X 10_10_5) AppleWebKit/537.36 (KHTML, like Gecko) Chrome/45.0.2454.101 Safari/537.36"
192.168.1.135 - - [13/Oct/2015:20:45:40 +0000] "GET /app_dev.php/cron/fetch_data HTTP/1.1" 500 153638 "-" "Mozilla/5.0 (Macintosh; Intel Mac OS X 10_10_5) AppleWebKit/537.36 (KHTML, like Gecko) Chrome/45.0.2454.101 Safari/537.36"
192.168.1.135 - - [13/Oct/2015:20:45:43 +0000] "GET /bundles/framework/css/body.css HTTP/1.1" 200 3143 "http://192.168.1.117/app_dev.php/cron/fetch_data" "Mozilla/5.0 (Macintosh; Intel Mac OS X 10_10_5) AppleWebKit/537.36 (KHTML, like Gecko) Chrome/45.0.2454.101 Safari/537.36"
192.168.1.135 - - [13/Oct/2015:20:45:43 +0000] "GET /favicon.ico HTTP/1.1" 200 6818 "http://192.168.1.117/app_dev.php/cron/fetch_data" "Mozilla/5.0 (Macintosh; Intel Mac OS X 10_10_5) AppleWebKit/537.36 (KHTML, like Gecko) Chrome/45.0.2454.101 Safari/537.36"
192.168.1.135 - - [13/Oct/2015:20:45:43 +0000] "GET /app_dev.php/_wdt/05f16d HTTP/1.1" 200 8365 "http://192.168.1.117/app_dev.php/cron/fetch_data" "Mozilla/5.0 (Macintosh; Intel Mac OS X 10_10_5) AppleWebKit/537.36 (KHTML, like Gecko) Chrome/45.0.2454.101 Safari/537.36"
127.0.0.1 - - [13/Oct/2015:20:45:58 +0000] "GET /api/vouchers HTTP/1.1" 200 5988 "-" "-"
192.168.1.135 - - [13/Oct/2015:20:45:57 +0000] "GET /app_dev.php/cron/fetch_data HTTP/1.1" 500 66331 "-" "Mozilla/5.0 (Macintosh; Intel Mac OS X 10_10_5) AppleWebKit/537.36 (KHTML, like Gecko) Chrome/45.0.2454.101 Safari/537.36"
192.168.1.135 - - [13/Oct/2015:20:46:00 +0000] "GET /bundles/framework/css/structure.css HTTP/1.1" 200 928 "http://192.168.1.117/app_dev.php/cron/fetch_data" "Mozilla/5.0 (Macintosh; Intel Mac OS X 10_10_5) AppleWebKit/537.36 (KHTML, like Gecko) Chrome/45.0.2454.101 Safari/537.36"
192.168.1.135 - - [13/Oct/2015:20:46:00 +0000] "GET /bundles/framework/css/body.css HTTP/1.1" 200 3143 "http://192.168.1.117/app_dev.php/cron/fetch_data" "Mozilla/5.0 (Macintosh; Intel Mac OS X 10_10_5) AppleWebKit/537.36 (KHTML, like Gecko) Chrome/45.0.2454.101 Safari/537.36"
192.168.1.135 - - [13/Oct/2015:20:46:00 +0000] "GET /bundles/framework/css/exception.css HTTP/1.1" 200 1118 "http://192.168.1.117/app_dev.php/cron/fetch_data" "Mozilla/5.0 (Macintosh; Intel Mac OS X 10_10_5) AppleWebKit/537.36 (KHTML, like Gecko) Chrome/45.0.2454.101 Safari/537.36"
192.168.1.135 - - [13/Oct/2015:20:46:00 +0000] "GET /favicon.ico HTTP/1.1" 200 6818 "http://192.168.1.117/app_dev.php/cron/fetch_data" "Mozilla/5.0 (Macintosh; Intel Mac OS X 10_10_5) AppleWebKit/537.36 (KHTML, like Gecko) Chrome/45.0.2454.101 Safari/537.36"
192.168.1.135 - - [13/Oct/2015:20:46:00 +0000] "GET /app_dev.php/_wdt/b67b08 HTTP/1.1" 200 8391 "http://192.168.1.117/app_dev.php/cron/fetch_data" "Mozilla/5.0 (Macintosh; Intel Mac OS X 10_10_5) AppleWebKit/537.36 (KHTML, like Gecko) Chrome/45.0.2454.101 Safari/537.36"
127.0.0.1 - - [13/Oct/2015:20:46:35 +0000] "GET /api/vouchers HTTP/1.1" 200 5988 "-" "-"
192.168.1.135 - - [13/Oct/2015:20:46:34 +0000] "GET /app_dev.php/cron/fetch_data HTTP/1.1" 500 64653 "-" "Mozilla/5.0 (Macintosh; Intel Mac OS X 10_10_5) AppleWebKit/537.36 (KHTML, like Gecko) Chrome/45.0.2454.101 Safari/537.36"
192.168.1.135 - - [13/Oct/2015:20:46:37 +0000] "GET /bundles/framework/css/exception.css HTTP/1.1" 200 1118 "http://192.168.1.117/app_dev.php/cron/fetch_data" "Mozilla/5.0 (Macintosh; Intel Mac OS X 10_10_5) AppleWebKit/537.36 (KHTML, like Gecko) Chrome/45.0.2454.101 Safari/537.36"
192.168.1.135 - - [13/Oct/2015:20:46:37 +0000] "GET /bundles/framework/css/structure.css HTTP/1.1" 200 928 "http://192.168.1.117/app_dev.php/cron/fetch_data" "Mozilla/5.0 (Macintosh; Intel Mac OS X 10_10_5) AppleWebKit/537.36 (KHTML, like Gecko) Chrome/45.0.2454.101 Safari/537.36"
192.168.1.135 - - [13/Oct/2015:20:46:37 +0000] "GET /bundles/framework/css/body.css HTTP/1.1" 200 3143 "http://192.168.1.117/app_dev.php/cron/fetch_data" "Mozilla/5.0 (Macintosh; Intel Mac OS X 10_10_5) AppleWebKit/537.36 (KHTML, like Gecko) Chrome/45.0.2454.101 Safari/537.36"
192.168.1.135 - - [13/Oct/2015:20:46:37 +0000] "GET /favicon.ico HTTP/1.1" 200 6818 "http://192.168.1.117/app_dev.php/cron/fetch_data" "Mozilla/5.0 (Macintosh; Intel Mac OS X 10_10_5) AppleWebKit/537.36 (KHTML, like Gecko) Chrome/45.0.2454.101 Safari/537.36"
192.168.1.135 - - [13/Oct/2015:20:46:37 +0000] "GET /app_dev.php/_wdt/620337 HTTP/1.1" 200 8391 "http://192.168.1.117/app_dev.php/cron/fetch_data" "Mozilla/5.0 (Macintosh; Intel Mac OS X 10_10_5) AppleWebKit/537.36 (KHTML, like Gecko) Chrome/45.0.2454.101 Safari/537.36"
127.0.0.1 - - [13/Oct/2015:20:47:12 +0000] "GET /api/vouchers HTTP/1.1" 200 5988 "-" "-"
192.168.1.135 - - [13/Oct/2015:20:47:11 +0000] "GET /app_dev.php/cron/fetch_data HTTP/1.1" 200 6105 "-" "Mozilla/5.0 (Macintosh; Intel Mac OS X 10_10_5) AppleWebKit/537.36 (KHTML, like Gecko) Chrome/45.0.2454.101 Safari/537.36"
192.168.1.135 - - [13/Oct/2015:20:47:13 +0000] "GET /favicon.ico HTTP/1.1" 200 6818 "http://192.168.1.117/app_dev.php/cron/fetch_data" "Mozilla/5.0 (Macintosh; Intel Mac OS X 10_10_5) AppleWebKit/537.36 (KHTML, like Gecko) Chrome/45.0.2454.101 Safari/537.36"
127.0.0.1 - - [13/Oct/2015:20:47:36 +0000] "GET /api/vouchers HTTP/1.1" 200 5988 "-" "-"
192.168.1.135 - - [13/Oct/2015:20:47:35 +0000] "GET /app_dev.php/cron/fetch_data HTTP/1.1" 500 66698 "-" "Mozilla/5.0 (Macintosh; Intel Mac OS X 10_10_5) AppleWebKit/537.36 (KHTML, like Gecko) Chrome/45.0.2454.101 Safari/537.36"
192.168.1.135 - - [13/Oct/2015:20:47:38 +0000] "GET /bundles/framework/css/structure.css HTTP/1.1" 200 928 "http://192.168.1.117/app_dev.php/cron/fetch_data" "Mozilla/5.0 (Macintosh; Intel Mac OS X 10_10_5) AppleWebKit/537.36 (KHTML, like Gecko) Chrome/45.0.2454.101 Safari/537.36"
192.168.1.135 - - [13/Oct/2015:20:47:38 +0000] "GET /bundles/framework/css/exception.css HTTP/1.1" 200 1118 "http://192.168.1.117/app_dev.php/cron/fetch_data" "Mozilla/5.0 (Macintosh; Intel Mac OS X 10_10_5) AppleWebKit/537.36 (KHTML, like Gecko) Chrome/45.0.2454.101 Safari/537.36"
192.168.1.135 - - [13/Oct/2015:20:47:38 +0000] "GET /bundles/framework/css/body.css HTTP/1.1" 200 3143 "http://192.168.1.117/app_dev.php/cron/fetch_data" "Mozilla/5.0 (Macintosh; Intel Mac OS X 10_10_5) AppleWebKit/537.36 (KHTML, like Gecko) Chrome/45.0.2454.101 Safari/537.36"
192.168.1.135 - - [13/Oct/2015:20:47:38 +0000] "GET /favicon.ico HTTP/1.1" 200 6818 "http://192.168.1.117/app_dev.php/cron/fetch_data" "Mozilla/5.0 (Macintosh; Intel Mac OS X 10_10_5) AppleWebKit/537.36 (KHTML, like Gecko) Chrome/45.0.2454.101 Safari/537.36"
192.168.1.135 - - [13/Oct/2015:20:47:38 +0000] "GET /app_dev.php/_wdt/018c69 HTTP/1.1" 200 8390 "http://192.168.1.117/app_dev.php/cron/fetch_data" "Mozilla/5.0 (Macintosh; Intel Mac OS X 10_10_5) AppleWebKit/537.36 (KHTML, like Gecko) Chrome/45.0.2454.101 Safari/537.36"
127.0.0.1 - - [13/Oct/2015:20:48:01 +0000] "GET /api/vouchers HTTP/1.1" 200 5988 "-" "-"
192.168.1.135 - - [13/Oct/2015:20:48:00 +0000] "GET /app_dev.php/cron/fetch_data HTTP/1.1" 200 263 "-" "Mozilla/5.0 (Macintosh; Intel Mac OS X 10_10_5) AppleWebKit/537.36 (KHTML, like Gecko) Chrome/45.0.2454.101 Safari/537.36"
192.168.1.135 - - [13/Oct/2015:20:48:02 +0000] "GET /favicon.ico HTTP/1.1" 200 6818 "http://192.168.1.117/app_dev.php/cron/fetch_data" "Mozilla/5.0 (Macintosh; Intel Mac OS X 10_10_5) AppleWebKit/537.36 (KHTML, like Gecko) Chrome/45.0.2454.101 Safari/537.36"
127.0.0.1 - - [13/Oct/2015:20:48:26 +0000] "GET /api/vouchers HTTP/1.1" 200 5988 "-" "-"
192.168.1.135 - - [13/Oct/2015:20:48:25 +0000] "GET /app_dev.php/cron/fetch_data HTTP/1.1" 200 396 "-" "Mozilla/5.0 (Macintosh; Intel Mac OS X 10_10_5) AppleWebKit/537.36 (KHTML, like Gecko) Chrome/45.0.2454.101 Safari/537.36"
192.168.1.135 - - [13/Oct/2015:20:48:26 +0000] "GET /favicon.ico HTTP/1.1" 200 6818 "http://192.168.1.117/app_dev.php/cron/fetch_data" "Mozilla/5.0 (Macintosh; Intel Mac OS X 10_10_5) AppleWebKit/537.36 (KHTML, like Gecko) Chrome/45.0.2454.101 Safari/537.36"
127.0.0.1 - - [13/Oct/2015:20:55:58 +0000] "GET /api/vouchers HTTP/1.1" 200 5988 "-" "-"
192.168.1.135 - - [13/Oct/2015:20:55:57 +0000] "GET /app_dev.php/cron/fetch_data HTTP/1.1" 200 397 "-" "Mozilla/5.0 (Macintosh; Intel Mac OS X 10_10_5) AppleWebKit/537.36 (KHTML, like Gecko) Chrome/45.0.2454.101 Safari/537.36"
192.168.1.135 - - [13/Oct/2015:20:55:59 +0000] "GET /favicon.ico HTTP/1.1" 200 6818 "http://192.168.1.117/app_dev.php/cron/fetch_data" "Mozilla/5.0 (Macintosh; Intel Mac OS X 10_10_5) AppleWebKit/537.36 (KHTML, like Gecko) Chrome/45.0.2454.101 Safari/537.36"
127.0.0.1 - - [13/Oct/2015:20:56:13 +0000] "GET /api/vouchers HTTP/1.1" 200 5988 "-" "-"
192.168.1.135 - - [13/Oct/2015:20:56:12 +0000] "GET /app_dev.php/cron/fetch_data HTTP/1.1" 200 397 "-" "Mozilla/5.0 (Macintosh; Intel Mac OS X 10_10_5) AppleWebKit/537.36 (KHTML, like Gecko) Chrome/45.0.2454.101 Safari/537.36"
192.168.1.135 - - [13/Oct/2015:20:56:14 +0000] "GET /favicon.ico HTTP/1.1" 200 6818 "http://192.168.1.117/app_dev.php/cron/fetch_data" "Mozilla/5.0 (Macintosh; Intel Mac OS X 10_10_5) AppleWebKit/537.36 (KHTML, like Gecko) Chrome/45.0.2454.101 Safari/537.36"
127.0.0.1 - - [13/Oct/2015:20:57:39 +0000] "GET /api/vouchers HTTP/1.1" 200 5988 "-" "-"
192.168.1.135 - - [13/Oct/2015:20:57:38 +0000] "GET /app_dev.php/cron/fetch_data HTTP/1.1" 200 397 "-" "Mozilla/5.0 (Macintosh; Intel Mac OS X 10_10_5) AppleWebKit/537.36 (KHTML, like Gecko) Chrome/45.0.2454.101 Safari/537.36"
192.168.1.135 - - [13/Oct/2015:20:57:40 +0000] "GET /favicon.ico HTTP/1.1" 200 6818 "http://192.168.1.117/app_dev.php/cron/fetch_data" "Mozilla/5.0 (Macintosh; Intel Mac OS X 10_10_5) AppleWebKit/537.36 (KHTML, like Gecko) Chrome/45.0.2454.101 Safari/537.36"
127.0.0.1 - - [13/Oct/2015:20:57:46 +0000] "GET /api/vouchers HTTP/1.1" 200 5988 "-" "-"
192.168.1.135 - - [13/Oct/2015:20:57:45 +0000] "GET /app_dev.php/cron/fetch_data HTTP/1.1" 200 397 "-" "Mozilla/5.0 (Macintosh; Intel Mac OS X 10_10_5) AppleWebKit/537.36 (KHTML, like Gecko) Chrome/45.0.2454.101 Safari/537.36"
127.0.0.1 - - [13/Oct/2015:20:57:54 +0000] "GET /api/vouchers HTTP/1.1" 200 5988 "-" "-"
192.168.1.135 - - [13/Oct/2015:20:57:53 +0000] "GET /cron/fetch_data HTTP/1.1" 500 743 "-" "Mozilla/5.0 (Macintosh; Intel Mac OS X 10_10_5) AppleWebKit/537.36 (KHTML, like Gecko) Chrome/45.0.2454.101 Safari/537.36"
127.0.0.1 - - [13/Oct/2015:20:57:57 +0000] "GET /api/vouchers HTTP/1.1" 200 5988 "-" "-"
192.168.1.135 - - [13/Oct/2015:20:57:57 +0000] "GET /cron/fetch_data HTTP/1.1" 500 743 "-" "Mozilla/5.0 (Macintosh; Intel Mac OS X 10_10_5) AppleWebKit/537.36 (KHTML, like Gecko) Chrome/45.0.2454.101 Safari/537.36"
127.0.0.1 - - [13/Oct/2015:20:58:11 +0000] "GET /api/vouchers HTTP/1.1" 200 5988 "-" "-"
192.168.1.135 - - [13/Oct/2015:20:58:07 +0000] "GET /cron/fetch_data HTTP/1.1" 200 397 "-" "Mozilla/5.0 (Macintosh; Intel Mac OS X 10_10_5) AppleWebKit/537.36 (KHTML, like Gecko) Chrome/45.0.2454.101 Safari/537.36"
127.0.0.1 - - [13/Oct/2015:20:58:15 +0000] "GET /api/vouchers HTTP/1.1" 200 5988 "-" "-"
192.168.1.135 - - [13/Oct/2015:20:58:15 +0000] "GET /cron/fetch_data HTTP/1.1" 200 396 "-" "Mozilla/5.0 (Macintosh; Intel Mac OS X 10_10_5) AppleWebKit/537.36 (KHTML, like Gecko) Chrome/45.0.2454.101 Safari/537.36"
127.0.0.1 - - [13/Oct/2015:20:58:18 +0000] "GET /api/vouchers HTTP/1.1" 200 5988 "-" "-"
192.168.1.135 - - [13/Oct/2015:20:58:18 +0000] "GET /cron/fetch_data HTTP/1.1" 200 396 "-" "Mozilla/5.0 (Macintosh; Intel Mac OS X 10_10_5) AppleWebKit/537.36 (KHTML, like Gecko) Chrome/45.0.2454.101 Safari/537.36"
127.0.0.1 - - [13/Oct/2015:21:06:20 +0000] "GET /api/vouchers HTTP/1.1" 200 5988 "-" "-"
192.168.1.135 - - [13/Oct/2015:21:06:19 +0000] "GET /cron/fetch_data HTTP/1.1" 200 546 "-" "Mozilla/5.0 (Macintosh; Intel Mac OS X 10_10_5) AppleWebKit/537.36 (KHTML, like Gecko) Chrome/45.0.2454.101 Safari/537.36"
127.0.0.1 - - [13/Oct/2015:21:14:16 +0000] "GET /api/vouchers HTTP/1.1" 200 5988 "-" "-"
192.168.1.135 - - [13/Oct/2015:21:14:15 +0000] "GET /cron/fetch_data HTTP/1.1" 200 5999 "-" "Mozilla/5.0 (Macintosh; Intel Mac OS X 10_10_5) AppleWebKit/537.36 (KHTML, like Gecko) Chrome/45.0.2454.101 Safari/537.36"
192.168.1.135 - - [13/Oct/2015:21:14:17 +0000] "GET /favicon.ico HTTP/1.1" 200 6818 "http://192.168.1.117/cron/fetch_data" "Mozilla/5.0 (Macintosh; Intel Mac OS X 10_10_5) AppleWebKit/537.36 (KHTML, like Gecko) Chrome/45.0.2454.101 Safari/537.36"
127.0.0.1 - - [13/Oct/2015:21:16:35 +0000] "GET /api/vouchers HTTP/1.1" 200 5988 "-" "-"
192.168.1.135 - - [13/Oct/2015:21:16:35 +0000] "GET /cron/fetch_data HTTP/1.1" 200 5999 "-" "Mozilla/5.0 (Macintosh; Intel Mac OS X 10_10_5) AppleWebKit/537.36 (KHTML, like Gecko) Chrome/45.0.2454.101 Safari/537.36"
127.0.0.1 - - [13/Oct/2015:21:19:03 +0000] "GET /api/vouchers HTTP/1.1" 200 5988 "-" "-"
192.168.1.135 - - [13/Oct/2015:21:19:03 +0000] "GET /cron/fetch_data HTTP/1.1" 200 5999 "-" "Mozilla/5.0 (Macintosh; Intel Mac OS X 10_10_5) AppleWebKit/537.36 (KHTML, like Gecko) Chrome/45.0.2454.101 Safari/537.36"
127.0.0.1 - - [13/Oct/2015:21:19:39 +0000] "GET /api/vouchers HTTP/1.1" 200 5988 "-" "-"
192.168.1.135 - - [13/Oct/2015:21:19:39 +0000] "GET /cron/fetch_data HTTP/1.1" 200 5999 "-" "Mozilla/5.0 (Macintosh; Intel Mac OS X 10_10_5) AppleWebKit/537.36 (KHTML, like Gecko) Chrome/45.0.2454.101 Safari/537.36"
127.0.0.1 - - [13/Oct/2015:21:21:49 +0000] "GET /api/vouchers HTTP/1.1" 200 5988 "-" "-"
192.168.1.135 - - [13/Oct/2015:21:21:49 +0000] "GET /cron/fetch_data HTTP/1.1" 200 5999 "-" "Mozilla/5.0 (Macintosh; Intel Mac OS X 10_10_5) AppleWebKit/537.36 (KHTML, like Gecko) Chrome/45.0.2454.101 Safari/537.36"
127.0.0.1 - - [13/Oct/2015:21:24:02 +0000] "GET /api/vouchers HTTP/1.1" 200 5988 "-" "-"
192.168.1.135 - - [13/Oct/2015:21:24:02 +0000] "GET /cron/fetch_data HTTP/1.1" 200 5999 "-" "Mozilla/5.0 (Macintosh; Intel Mac OS X 10_10_5) AppleWebKit/537.36 (KHTML, like Gecko) Chrome/45.0.2454.101 Safari/537.36"
127.0.0.1 - - [13/Oct/2015:21:26:50 +0000] "GET /api/vouchers HTTP/1.1" 200 5988 "-" "-"
192.168.1.135 - - [13/Oct/2015:21:26:50 +0000] "GET /cron/fetch_data HTTP/1.1" 500 743 "-" "Mozilla/5.0 (Macintosh; Intel Mac OS X 10_10_5) AppleWebKit/537.36 (KHTML, like Gecko) Chrome/45.0.2454.101 Safari/537.36"
127.0.0.1 - - [13/Oct/2015:21:27:25 +0000] "GET /api/vouchers HTTP/1.1" 200 5988 "-" "-"
127.0.0.1 - - [13/Oct/2015:21:40:54 +0000] "GET /api/vouchers HTTP/1.1" 200 5988 "-" "-"
127.0.0.1 - - [13/Oct/2015:21:45:26 +0000] "GET /api/vouchers HTTP/1.1" 200 5988 "-" "-"
127.0.0.1 - - [13/Oct/2015:21:46:02 +0000] "GET /api/vouchers HTTP/1.1" 200 5988 "-" "-"
127.0.0.1 - - [13/Oct/2015:21:57:23 +0000] "GET /api/vouchers HTTP/1.1" 200 5988 "-" "-"
127.0.0.1 - - [13/Oct/2015:21:59:09 +0000] "GET /api/vouchers HTTP/1.1" 200 5988 "-" "-"
127.0.0.1 - - [13/Oct/2015:22:00:02 +0000] "GET /api/vouchers HTTP/1.1" 200 5988 "-" "-"
127.0.0.1 - - [13/Oct/2015:22:01:59 +0000] "GET /api/vouchers HTTP/1.1" 200 5988 "-" "-"
127.0.0.1 - - [13/Oct/2015:22:02:36 +0000] "GET /api/vouchers HTTP/1.1" 200 5988 "-" "-"
127.0.0.1 - - [13/Oct/2015:22:07:04 +0000] "GET /api/vouchers HTTP/1.1" 200 5988 "-" "-"
127.0.0.1 - - [13/Oct/2015:22:37:42 +0000] "GET /api/vouchers HTTP/1.1" 200 5988 "-" "-"
127.0.0.1 - - [13/Oct/2015:22:38:50 +0000] "GET /api/vouchers HTTP/1.1" 200 5988 "-" "-"
127.0.0.1 - - [13/Oct/2015:22:41:18 +0000] "GET /api/vouchers HTTP/1.1" 200 5988 "-" "-"
127.0.0.1 - - [13/Oct/2015:22:43:04 +0000] "GET /api/vouchers HTTP/1.1" 200 5988 "-" "-"
127.0.0.1 - - [13/Oct/2015:22:43:26 +0000] "GET /api/vouchers HTTP/1.1" 200 5988 "-" "-"
127.0.0.1 - - [13/Oct/2015:22:45:25 +0000] "GET /api/vouchers HTTP/1.1" 200 5988 "-" "-"
127.0.0.1 - - [13/Oct/2015:22:45:54 +0000] "GET /api/vouchers HTTP/1.1" 200 5988 "-" "-"
127.0.0.1 - - [13/Oct/2015:22:46:23 +0000] "GET /api/vouchers HTTP/1.1" 200 5988 "-" "-"
127.0.0.1 - - [13/Oct/2015:22:46:49 +0000] "GET /api/vouchers HTTP/1.1" 200 5988 "-" "-"
127.0.0.1 - - [13/Oct/2015:22:47:13 +0000] "GET /api/vouchers HTTP/1.1" 200 5988 "-" "-"
127.0.0.1 - - [13/Oct/2015:22:49:03 +0000] "GET /api/vouchers HTTP/1.1" 200 5988 "-" "-"
127.0.0.1 - - [13/Oct/2015:22:49:26 +0000] "GET /api/vouchers HTTP/1.1" 200 5988 "-" "-"
127.0.0.1 - - [13/Oct/2015:22:50:02 +0000] "GET /api/vouchers HTTP/1.1" 200 5988 "-" "-"
127.0.0.1 - - [13/Oct/2015:22:50:54 +0000] "GET /api/vouchers HTTP/1.1" 200 5988 "-" "-"
127.0.0.1 - - [13/Oct/2015:22:51:26 +0000] "GET /api/vouchers HTTP/1.1" 200 5988 "-" "-"
127.0.0.1 - - [13/Oct/2015:22:51:55 +0000] "GET /api/vouchers HTTP/1.1" 200 5988 "-" "-"
127.0.0.1 - - [13/Oct/2015:22:52:27 +0000] "GET /api/vouchers HTTP/1.1" 200 5988 "-" "-"
127.0.0.1 - - [13/Oct/2015:22:54:32 +0000] "GET /api/vouchers HTTP/1.1" 200 5988 "-" "-"
127.0.0.1 - - [13/Oct/2015:22:55:47 +0000] "GET /api/vouchers HTTP/1.1" 200 5988 "-" "-"
127.0.0.1 - - [13/Oct/2015:22:56:53 +0000] "GET /api/vouchers HTTP/1.1" 200 5988 "-" "-"
127.0.0.1 - - [13/Oct/2015:22:57:15 +0000] "GET /api/vouchers HTTP/1.1" 200 5988 "-" "-"
127.0.0.1 - - [13/Oct/2015:22:57:19 +0000] "GET /api/vouchers HTTP/1.1" 200 5988 "-" "-"
127.0.0.1 - - [13/Oct/2015:22:57:22 +0000] "GET /api/vouchers HTTP/1.1" 200 5988 "-" "-"
127.0.0.1 - - [13/Oct/2015:22:57:32 +0000] "GET /api/vouchers HTTP/1.1" 200 5988 "-" "-"
127.0.0.1 - - [13/Oct/2015:22:57:36 +0000] "GET /api/vouchers HTTP/1.1" 200 5988 "-" "-"
127.0.0.1 - - [13/Oct/2015:22:58:08 +0000] "GET /api/vouchers HTTP/1.1" 200 5988 "-" "-"
127.0.0.1 - - [13/Oct/2015:22:59:09 +0000] "GET /api/vouchers HTTP/1.1" 200 5988 "-" "-"
127.0.0.1 - - [13/Oct/2015:22:59:32 +0000] "GET /api/vouchers HTTP/1.1" 200 5988 "-" "-"
127.0.0.1 - - [13/Oct/2015:23:01:19 +0000] "GET /api/vouchers HTTP/1.1" 200 5988 "-" "-"
127.0.0.1 - - [13/Oct/2015:23:02:20 +0000] "GET /api/vouchers HTTP/1.1" 200 5988 "-" "-"
127.0.0.1 - - [13/Oct/2015:23:12:35 +0000] "GET /api/vouchers HTTP/1.1" 200 5698 "-" "-"
127.0.0.1 - - [13/Oct/2015:23:15:52 +0000] "GET /api/vouchers HTTP/1.1" 200 5637 "-" "-"
127.0.0.1 - - [13/Oct/2015:23:20:14 +0000] "GET /api/vouchers HTTP/1.1" 200 5637 "-" "-"
192.168.1.135 - - [13/Oct/2015:23:20:14 +0000] "GET /cron/fetch_data HTTP/1.1" 500 743 "-" "Mozilla/5.0 (Macintosh; Intel Mac OS X 10_10_5) AppleWebKit/537.36 (KHTML, like Gecko) Chrome/45.0.2454.101 Safari/537.36"
192.168.1.135 - - [13/Oct/2015:23:20:22 +0000] "GET /api/clear_cache HTTP/1.1" 404 744 "-" "Mozilla/5.0 (Macintosh; Intel Mac OS X 10_10_5) AppleWebKit/537.36 (KHTML, like Gecko) Chrome/45.0.2454.101 Safari/537.36"
192.168.1.135 - - [13/Oct/2015:23:20:33 +0000] "GET /api/clear_cache HTTP/1.1" 500 743 "-" "Mozilla/5.0 (Macintosh; Intel Mac OS X 10_10_5) AppleWebKit/537.36 (KHTML, like Gecko) Chrome/45.0.2454.101 Safari/537.36"
192.168.1.135 - - [13/Oct/2015:23:20:37 +0000] "GET /favicon.ico HTTP/1.1" 200 6819 "http://192.168.1.117/api/clear_cache" "Mozilla/5.0 (Macintosh; Intel Mac OS X 10_10_5) AppleWebKit/537.36 (KHTML, like Gecko) Chrome/45.0.2454.101 Safari/537.36"
127.0.0.1 - - [13/Oct/2015:23:21:41 +0000] "GET /api/vouchers HTTP/1.1" 200 4409 "-" "-"
127.0.0.1 - - [13/Oct/2015:23:23:40 +0000] "GET /api/vouchers HTTP/1.1" 200 5637 "-" "-"
127.0.0.1 - - [13/Oct/2015:23:24:42 +0000] "GET /api/vouchers HTTP/1.1" 200 5637 "-" "-"
127.0.0.1 - - [13/Oct/2015:23:25:46 +0000] "GET /api/vouchers HTTP/1.1" 200 5637 "-" "-"
127.0.0.1 - - [13/Oct/2015:23:30:15 +0000] "GET /api/vouchers HTTP/1.1" 200 5637 "-" "-"
127.0.0.1 - - [13/Oct/2015:23:30:49 +0000] "GET /api/vouchers HTTP/1.1" 200 5637 "-" "-"
127.0.0.1 - - [13/Oct/2015:23:31:32 +0000] "GET /api/vouchers HTTP/1.1" 200 5637 "-" "-"
127.0.0.1 - - [13/Oct/2015:23:31:41 +0000] "GET /api/vouchers HTTP/1.1" 200 5637 "-" "-"
127.0.0.1 - - [13/Oct/2015:23:32:04 +0000] "GET /api/vouchers HTTP/1.1" 200 5637 "-" "-"
127.0.0.1 - - [13/Oct/2015:23:35:05 +0000] "GET /api/vouchers HTTP/1.1" 200 5637 "-" "-"
127.0.0.1 - - [13/Oct/2015:23:37:37 +0000] "GET /api/vouchers HTTP/1.1" 200 5637 "-" "-"
127.0.0.1 - - [13/Oct/2015:23:38:19 +0000] "GET /api/vouchers HTTP/1.1" 200 5637 "-" "-"
127.0.0.1 - - [13/Oct/2015:23:39:11 +0000] "GET /api/vouchers HTTP/1.1" 200 5637 "-" "-"
127.0.0.1 - - [14/Oct/2015:17:49:45 +0000] "GET /api/vouchers HTTP/1.1" 200 5637 "-" "-"
127.0.0.1 - - [14/Oct/2015:18:13:59 +0000] "GET /api/vouchers HTTP/1.1" 200 5637 "-" "-"
127.0.0.1 - - [14/Oct/2015:18:17:59 +0000] "GET /api/vouchers HTTP/1.1" 200 5637 "-" "-"
127.0.0.1 - - [14/Oct/2015:18:20:00 +0000] "GET /api/vouchers HTTP/1.1" 200 5637 "-" "-"
127.0.0.1 - - [14/Oct/2015:18:21:35 +0000] "GET /api/vouchers HTTP/1.1" 200 5637 "-" "-"
127.0.0.1 - - [14/Oct/2015:18:29:58 +0000] "GET /api/vouchers HTTP/1.1" 200 5637 "-" "-"
127.0.0.1 - - [14/Oct/2015:18:31:13 +0000] "GET /api/vouchers HTTP/1.1" 200 5637 "-" "-"
127.0.0.1 - - [14/Oct/2015:18:31:20 +0000] "GET /api/vouchers HTTP/1.1" 200 5637 "-" "-"
127.0.0.1 - - [14/Oct/2015:19:02:25 +0000] "GET /api/vouchers HTTP/1.1" 200 5637 "-" "-"
127.0.0.1 - - [14/Oct/2015:19:02:29 +0000] "GET /api/vouchers HTTP/1.1" 200 5637 "-" "-"
192.168.1.135 - - [14/Oct/2015:19:03:44 +0000] "GET /api/clear_cache HTTP/1.1" 200 272 "-" "Mozilla/5.0 (Macintosh; Intel Mac OS X 10_10_5) AppleWebKit/537.36 (KHTML, like Gecko) Chrome/45.0.2454.101 Safari/537.36"
192.168.1.135 - - [14/Oct/2015:19:03:46 +0000] "GET /api/clear_cache HTTP/1.1" 200 271 "-" "Mozilla/5.0 (Macintosh; Intel Mac OS X 10_10_5) AppleWebKit/537.36 (KHTML, like Gecko) Chrome/45.0.2454.101 Safari/537.36"
192.168.1.135 - - [14/Oct/2015:19:03:46 +0000] "GET /favicon.ico HTTP/1.1" 200 6818 "http://192.168.1.117/api/clear_cache" "Mozilla/5.0 (Macintosh; Intel Mac OS X 10_10_5) AppleWebKit/537.36 (KHTML, like Gecko) Chrome/45.0.2454.101 Safari/537.36"
192.168.1.135 - - [14/Oct/2015:19:03:46 +0000] "GET /api/clear_cache HTTP/1.1" 200 271 "-" "Mozilla/5.0 (Macintosh; Intel Mac OS X 10_10_5) AppleWebKit/537.36 (KHTML, like Gecko) Chrome/45.0.2454.101 Safari/537.36"
192.168.1.135 - - [14/Oct/2015:19:03:46 +0000] "GET /favicon.ico HTTP/1.1" 200 6818 "http://192.168.1.117/api/clear_cache" "Mozilla/5.0 (Macintosh; Intel Mac OS X 10_10_5) AppleWebKit/537.36 (KHTML, like Gecko) Chrome/45.0.2454.101 Safari/537.36"
192.168.1.135 - - [14/Oct/2015:19:03:47 +0000] "GET /api/clear_cache HTTP/1.1" 200 271 "-" "Mozilla/5.0 (Macintosh; Intel Mac OS X 10_10_5) AppleWebKit/537.36 (KHTML, like Gecko) Chrome/45.0.2454.101 Safari/537.36"
192.168.1.135 - - [14/Oct/2015:19:03:48 +0000] "GET /favicon.ico HTTP/1.1" 200 6818 "http://192.168.1.117/api/clear_cache" "Mozilla/5.0 (Macintosh; Intel Mac OS X 10_10_5) AppleWebKit/537.36 (KHTML, like Gecko) Chrome/45.0.2454.101 Safari/537.36"
192.168.1.135 - - [14/Oct/2015:19:04:16 +0000] "GET /api/clear_cache HTTP/1.1" 200 272 "-" "Mozilla/5.0 (Macintosh; Intel Mac OS X 10_10_5) AppleWebKit/537.36 (KHTML, like Gecko) Chrome/45.0.2454.101 Safari/537.36"
192.168.1.135 - - [14/Oct/2015:19:04:16 +0000] "GET /favicon.ico HTTP/1.1" 200 6818 "http://192.168.1.117/api/clear_cache" "Mozilla/5.0 (Macintosh; Intel Mac OS X 10_10_5) AppleWebKit/537.36 (KHTML, like Gecko) Chrome/45.0.2454.101 Safari/537.36"
192.168.1.135 - - [14/Oct/2015:19:04:16 +0000] "GET /api/clear_cache HTTP/1.1" 200 271 "-" "Mozilla/5.0 (Macintosh; Intel Mac OS X 10_10_5) AppleWebKit/537.36 (KHTML, like Gecko) Chrome/45.0.2454.101 Safari/537.36"
192.168.1.135 - - [14/Oct/2015:19:04:17 +0000] "GET /favicon.ico HTTP/1.1" 200 6818 "http://192.168.1.117/api/clear_cache" "Mozilla/5.0 (Macintosh; Intel Mac OS X 10_10_5) AppleWebKit/537.36 (KHTML, like Gecko) Chrome/45.0.2454.101 Safari/537.36"
127.0.0.1 - - [14/Oct/2015:19:04:22 +0000] "GET /api/vouchers HTTP/1.1" 200 4409 "-" "-"
192.168.1.135 - - [14/Oct/2015:19:04:39 +0000] "GET /api/clear_cache HTTP/1.1" 200 272 "-" "Mozilla/5.0 (Macintosh; Intel Mac OS X 10_10_5) AppleWebKit/537.36 (KHTML, like Gecko) Chrome/45.0.2454.101 Safari/537.36"
192.168.1.135 - - [14/Oct/2015:19:04:40 +0000] "GET /favicon.ico HTTP/1.1" 200 6818 "http://192.168.1.117/api/clear_cache" "Mozilla/5.0 (Macintosh; Intel Mac OS X 10_10_5) AppleWebKit/537.36 (KHTML, like Gecko) Chrome/45.0.2454.101 Safari/537.36"
192.168.1.135 - - [14/Oct/2015:19:04:40 +0000] "GET /api/clear_cache HTTP/1.1" 200 271 "-" "Mozilla/5.0 (Macintosh; Intel Mac OS X 10_10_5) AppleWebKit/537.36 (KHTML, like Gecko) Chrome/45.0.2454.101 Safari/537.36"
192.168.1.135 - - [14/Oct/2015:19:04:40 +0000] "GET /favicon.ico HTTP/1.1" 200 6818 "http://192.168.1.117/api/clear_cache" "Mozilla/5.0 (Macintosh; Intel Mac OS X 10_10_5) AppleWebKit/537.36 (KHTML, like Gecko) Chrome/45.0.2454.101 Safari/537.36"
127.0.0.1 - - [14/Oct/2015:19:04:53 +0000] "GET /api/vouchers HTTP/1.1" 200 4409 "-" "-"
192.168.1.135 - - [14/Oct/2015:19:04:52 +0000] "GET /cron/fetch_data HTTP/1.1" 500 743 "-" "Mozilla/5.0 (Macintosh; Intel Mac OS X 10_10_5) AppleWebKit/537.36 (KHTML, like Gecko) Chrome/45.0.2454.101 Safari/537.36"
127.0.0.1 - - [14/Oct/2015:19:05:11 +0000] "GET /api/vouchers HTTP/1.1" 200 5637 "-" "-"
192.168.1.135 - - [14/Oct/2015:19:05:07 +0000] "GET /cron/fetch_data HTTP/1.1" 200 5519 "-" "Mozilla/5.0 (Macintosh; Intel Mac OS X 10_10_5) AppleWebKit/537.36 (KHTML, like Gecko) Chrome/45.0.2454.101 Safari/537.36"
192.168.1.135 - - [14/Oct/2015:19:05:13 +0000] "GET /favicon.ico HTTP/1.1" 200 6818 "http://192.168.1.117/cron/fetch_data" "Mozilla/5.0 (Macintosh; Intel Mac OS X 10_10_5) AppleWebKit/537.36 (KHTML, like Gecko) Chrome/45.0.2454.101 Safari/537.36"
192.168.1.135 - - [14/Oct/2015:19:06:04 +0000] "GET /api/clear_cache HTTP/1.1" 200 272 "-" "Mozilla/5.0 (Macintosh; Intel Mac OS X 10_10_5) AppleWebKit/537.36 (KHTML, like Gecko) Chrome/45.0.2454.101 Safari/537.36"
192.168.1.135 - - [14/Oct/2015:19:06:04 +0000] "GET /favicon.ico HTTP/1.1" 200 6818 "http://192.168.1.117/api/clear_cache" "Mozilla/5.0 (Macintosh; Intel Mac OS X 10_10_5) AppleWebKit/537.36 (KHTML, like Gecko) Chrome/45.0.2454.101 Safari/537.36"
192.168.1.135 - - [14/Oct/2015:19:06:05 +0000] "GET /api/clear_cache HTTP/1.1" 200 271 "-" "Mozilla/5.0 (Macintosh; Intel Mac OS X 10_10_5) AppleWebKit/537.36 (KHTML, like Gecko) Chrome/45.0.2454.101 Safari/537.36"
192.168.1.135 - - [14/Oct/2015:19:06:05 +0000] "GET /favicon.ico HTTP/1.1" 200 6818 "http://192.168.1.117/api/clear_cache" "Mozilla/5.0 (Macintosh; Intel Mac OS X 10_10_5) AppleWebKit/537.36 (KHTML, like Gecko) Chrome/45.0.2454.101 Safari/537.36"
192.168.1.135 - - [14/Oct/2015:19:06:05 +0000] "GET /api/clear_cache HTTP/1.1" 200 271 "-" "Mozilla/5.0 (Macintosh; Intel Mac OS X 10_10_5) AppleWebKit/537.36 (KHTML, like Gecko) Chrome/45.0.2454.101 Safari/537.36"
192.168.1.135 - - [14/Oct/2015:19:06:05 +0000] "GET /favicon.ico HTTP/1.1" 200 6818 "http://192.168.1.117/api/clear_cache" "Mozilla/5.0 (Macintosh; Intel Mac OS X 10_10_5) AppleWebKit/537.36 (KHTML, like Gecko) Chrome/45.0.2454.101 Safari/537.36"
192.168.1.135 - - [14/Oct/2015:19:06:05 +0000] "GET /api/clear_cache HTTP/1.1" 200 271 "-" "Mozilla/5.0 (Macintosh; Intel Mac OS X 10_10_5) AppleWebKit/537.36 (KHTML, like Gecko) Chrome/45.0.2454.101 Safari/537.36"
192.168.1.135 - - [14/Oct/2015:19:06:06 +0000] "GET /favicon.ico HTTP/1.1" 200 6818 "http://192.168.1.117/api/clear_cache" "Mozilla/5.0 (Macintosh; Intel Mac OS X 10_10_5) AppleWebKit/537.36 (KHTML, like Gecko) Chrome/45.0.2454.101 Safari/537.36"
192.168.1.135 - - [14/Oct/2015:19:06:06 +0000] "GET /api/clear_cache HTTP/1.1" 200 271 "-" "Mozilla/5.0 (Macintosh; Intel Mac OS X 10_10_5) AppleWebKit/537.36 (KHTML, like Gecko) Chrome/45.0.2454.101 Safari/537.36"
192.168.1.135 - - [14/Oct/2015:19:06:06 +0000] "GET /favicon.ico HTTP/1.1" 200 6818 "http://192.168.1.117/api/clear_cache" "Mozilla/5.0 (Macintosh; Intel Mac OS X 10_10_5) AppleWebKit/537.36 (KHTML, like Gecko) Chrome/45.0.2454.101 Safari/537.36"
192.168.1.135 - - [14/Oct/2015:19:06:06 +0000] "GET /api/clear_cache HTTP/1.1" 200 271 "-" "Mozilla/5.0 (Macintosh; Intel Mac OS X 10_10_5) AppleWebKit/537.36 (KHTML, like Gecko) Chrome/45.0.2454.101 Safari/537.36"
192.168.1.135 - - [14/Oct/2015:19:06:06 +0000] "GET /favicon.ico HTTP/1.1" 200 6818 "http://192.168.1.117/api/clear_cache" "Mozilla/5.0 (Macintosh; Intel Mac OS X 10_10_5) AppleWebKit/537.36 (KHTML, like Gecko) Chrome/45.0.2454.101 Safari/537.36"
192.168.1.135 - - [14/Oct/2015:19:06:11 +0000] "GET /api/vouchers HTTP/1.1" 200 4464 "-" "Mozilla/5.0 (Macintosh; Intel Mac OS X 10_10_5) AppleWebKit/537.36 (KHTML, like Gecko) Chrome/45.0.2454.101 Safari/537.36"
192.168.1.135 - - [14/Oct/2015:19:06:14 +0000] "GET /api/vouchers HTTP/1.1" 200 5692 "-" "Mozilla/5.0 (Macintosh; Intel Mac OS X 10_10_5) AppleWebKit/537.36 (KHTML, like Gecko) Chrome/45.0.2454.101 Safari/537.36"
192.168.1.135 - - [14/Oct/2015:19:06:17 +0000] "GET /api/clear_cache HTTP/1.1" 200 271 "-" "Mozilla/5.0 (Macintosh; Intel Mac OS X 10_10_5) AppleWebKit/537.36 (KHTML, like Gecko) Chrome/45.0.2454.101 Safari/537.36"
192.168.1.135 - - [14/Oct/2015:19:06:18 +0000] "GET /favicon.ico HTTP/1.1" 200 6818 "http://192.168.1.117/api/clear_cache" "Mozilla/5.0 (Macintosh; Intel Mac OS X 10_10_5) AppleWebKit/537.36 (KHTML, like Gecko) Chrome/45.0.2454.101 Safari/537.36"
192.168.1.135 - - [14/Oct/2015:19:06:18 +0000] "GET /api/clear_cache HTTP/1.1" 200 271 "-" "Mozilla/5.0 (Macintosh; Intel Mac OS X 10_10_5) AppleWebKit/537.36 (KHTML, like Gecko) Chrome/45.0.2454.101 Safari/537.36"
192.168.1.135 - - [14/Oct/2015:19:06:18 +0000] "GET /favicon.ico HTTP/1.1" 200 6818 "http://192.168.1.117/api/clear_cache" "Mozilla/5.0 (Macintosh; Intel Mac OS X 10_10_5) AppleWebKit/537.36 (KHTML, like Gecko) Chrome/45.0.2454.101 Safari/537.36"
192.168.1.135 - - [14/Oct/2015:19:06:19 +0000] "GET /api/clear_cache HTTP/1.1" 200 271 "-" "Mozilla/5.0 (Macintosh; Intel Mac OS X 10_10_5) AppleWebKit/537.36 (KHTML, like Gecko) Chrome/45.0.2454.101 Safari/537.36"
192.168.1.135 - - [14/Oct/2015:19:06:19 +0000] "GET /favicon.ico HTTP/1.1" 200 6818 "http://192.168.1.117/api/clear_cache" "Mozilla/5.0 (Macintosh; Intel Mac OS X 10_10_5) AppleWebKit/537.36 (KHTML, like Gecko) Chrome/45.0.2454.101 Safari/537.36"
192.168.1.135 - - [14/Oct/2015:19:06:19 +0000] "GET /api/clear_cache HTTP/1.1" 200 271 "-" "Mozilla/5.0 (Macintosh; Intel Mac OS X 10_10_5) AppleWebKit/537.36 (KHTML, like Gecko) Chrome/45.0.2454.101 Safari/537.36"
192.168.1.135 - - [14/Oct/2015:19:06:19 +0000] "GET /favicon.ico HTTP/1.1" 200 6818 "http://192.168.1.117/api/clear_cache" "Mozilla/5.0 (Macintosh; Intel Mac OS X 10_10_5) AppleWebKit/537.36 (KHTML, like Gecko) Chrome/45.0.2454.101 Safari/537.36"
192.168.1.135 - - [14/Oct/2015:19:06:19 +0000] "GET /api/clear_cache HTTP/1.1" 200 271 "-" "Mozilla/5.0 (Macintosh; Intel Mac OS X 10_10_5) AppleWebKit/537.36 (KHTML, like Gecko) Chrome/45.0.2454.101 Safari/537.36"
192.168.1.135 - - [14/Oct/2015:19:06:19 +0000] "GET /favicon.ico HTTP/1.1" 200 6818 "http://192.168.1.117/api/clear_cache" "Mozilla/5.0 (Macintosh; Intel Mac OS X 10_10_5) AppleWebKit/537.36 (KHTML, like Gecko) Chrome/45.0.2454.101 Safari/537.36"
127.0.0.1 - - [14/Oct/2015:19:06:21 +0000] "GET /api/vouchers HTTP/1.1" 200 4409 "-" "-"
192.168.1.135 - - [14/Oct/2015:19:06:21 +0000] "GET /cron/fetch_data HTTP/1.1" 200 4736 "-" "Mozilla/5.0 (Macintosh; Intel Mac OS X 10_10_5) AppleWebKit/537.36 (KHTML, like Gecko) Chrome/45.0.2454.101 Safari/537.36"
192.168.1.135 - - [14/Oct/2015:19:06:22 +0000] "GET /favicon.ico HTTP/1.1" 200 6818 "http://192.168.1.117/cron/fetch_data" "Mozilla/5.0 (Macintosh; Intel Mac OS X 10_10_5) AppleWebKit/537.36 (KHTML, like Gecko) Chrome/45.0.2454.101 Safari/537.36"
127.0.0.1 - - [14/Oct/2015:19:07:00 +0000] "GET /api/vouchers HTTP/1.1" 200 5637 "-" "-"
192.168.1.135 - - [14/Oct/2015:19:07:00 +0000] "GET /cron/fetch_data HTTP/1.1" 200 1417 "-" "Mozilla/5.0 (Macintosh; Intel Mac OS X 10_10_5) AppleWebKit/537.36 (KHTML, like Gecko) Chrome/45.0.2454.101 Safari/537.36"
192.168.1.135 - - [14/Oct/2015:19:07:01 +0000] "GET /favicon.ico HTTP/1.1" 200 6818 "http://192.168.1.117/cron/fetch_data" "Mozilla/5.0 (Macintosh; Intel Mac OS X 10_10_5) AppleWebKit/537.36 (KHTML, like Gecko) Chrome/45.0.2454.101 Safari/537.36"
127.0.0.1 - - [14/Oct/2015:19:08:19 +0000] "GET /api/vouchers HTTP/1.1" 200 5637 "-" "-"
192.168.1.135 - - [14/Oct/2015:19:08:19 +0000] "GET /cron/fetch_data HTTP/1.1" 200 283 "-" "Mozilla/5.0 (Macintosh; Intel Mac OS X 10_10_5) AppleWebKit/537.36 (KHTML, like Gecko) Chrome/45.0.2454.101 Safari/537.36"
192.168.1.135 - - [14/Oct/2015:19:08:20 +0000] "GET /favicon.ico HTTP/1.1" 200 6818 "http://192.168.1.117/cron/fetch_data" "Mozilla/5.0 (Macintosh; Intel Mac OS X 10_10_5) AppleWebKit/537.36 (KHTML, like Gecko) Chrome/45.0.2454.101 Safari/537.36"
192.168.1.135 - - [14/Oct/2015:19:09:14 +0000] "GET /api/clear_cache HTTP/1.1" 200 272 "-" "Mozilla/5.0 (Macintosh; Intel Mac OS X 10_10_5) AppleWebKit/537.36 (KHTML, like Gecko) Chrome/45.0.2454.101 Safari/537.36"
192.168.1.135 - - [14/Oct/2015:19:09:14 +0000] "GET /favicon.ico HTTP/1.1" 200 6818 "http://192.168.1.117/api/clear_cache" "Mozilla/5.0 (Macintosh; Intel Mac OS X 10_10_5) AppleWebKit/537.36 (KHTML, like Gecko) Chrome/45.0.2454.101 Safari/537.36"
192.168.1.135 - - [14/Oct/2015:19:09:15 +0000] "GET /api/clear_cache HTTP/1.1" 200 271 "-" "Mozilla/5.0 (Macintosh; Intel Mac OS X 10_10_5) AppleWebKit/537.36 (KHTML, like Gecko) Chrome/45.0.2454.101 Safari/537.36"
192.168.1.135 - - [14/Oct/2015:19:09:15 +0000] "GET /favicon.ico HTTP/1.1" 200 6818 "http://192.168.1.117/api/clear_cache" "Mozilla/5.0 (Macintosh; Intel Mac OS X 10_10_5) AppleWebKit/537.36 (KHTML, like Gecko) Chrome/45.0.2454.101 Safari/537.36"
192.168.1.135 - - [14/Oct/2015:19:09:15 +0000] "GET /api/clear_cache HTTP/1.1" 200 271 "-" "Mozilla/5.0 (Macintosh; Intel Mac OS X 10_10_5) AppleWebKit/537.36 (KHTML, like Gecko) Chrome/45.0.2454.101 Safari/537.36"
192.168.1.135 - - [14/Oct/2015:19:09:15 +0000] "GET /favicon.ico HTTP/1.1" 200 6818 "http://192.168.1.117/api/clear_cache" "Mozilla/5.0 (Macintosh; Intel Mac OS X 10_10_5) AppleWebKit/537.36 (KHTML, like Gecko) Chrome/45.0.2454.101 Safari/537.36"
192.168.1.135 - - [14/Oct/2015:19:09:15 +0000] "GET /api/clear_cache HTTP/1.1" 200 271 "-" "Mozilla/5.0 (Macintosh; Intel Mac OS X 10_10_5) AppleWebKit/537.36 (KHTML, like Gecko) Chrome/45.0.2454.101 Safari/537.36"
192.168.1.135 - - [14/Oct/2015:19:09:15 +0000] "GET /favicon.ico HTTP/1.1" 200 6818 "http://192.168.1.117/api/clear_cache" "Mozilla/5.0 (Macintosh; Intel Mac OS X 10_10_5) AppleWebKit/537.36 (KHTML, like Gecko) Chrome/45.0.2454.101 Safari/537.36"
192.168.1.135 - - [14/Oct/2015:19:09:15 +0000] "GET /api/clear_cache HTTP/1.1" 200 271 "-" "Mozilla/5.0 (Macintosh; Intel Mac OS X 10_10_5) AppleWebKit/537.36 (KHTML, like Gecko) Chrome/45.0.2454.101 Safari/537.36"
192.168.1.135 - - [14/Oct/2015:19:09:16 +0000] "GET /favicon.ico HTTP/1.1" 200 6818 "http://192.168.1.117/api/clear_cache" "Mozilla/5.0 (Macintosh; Intel Mac OS X 10_10_5) AppleWebKit/537.36 (KHTML, like Gecko) Chrome/45.0.2454.101 Safari/537.36"
192.168.1.135 - - [14/Oct/2015:19:09:16 +0000] "GET /api/clear_cache HTTP/1.1" 200 271 "-" "Mozilla/5.0 (Macintosh; Intel Mac OS X 10_10_5) AppleWebKit/537.36 (KHTML, like Gecko) Chrome/45.0.2454.101 Safari/537.36"
192.168.1.135 - - [14/Oct/2015:19:09:16 +0000] "GET /favicon.ico HTTP/1.1" 200 6818 "http://192.168.1.117/api/clear_cache" "Mozilla/5.0 (Macintosh; Intel Mac OS X 10_10_5) AppleWebKit/537.36 (KHTML, like Gecko) Chrome/45.0.2454.101 Safari/537.36"
127.0.0.1 - - [14/Oct/2015:19:09:18 +0000] "GET /api/vouchers HTTP/1.1" 200 4409 "-" "-"
192.168.1.135 - - [14/Oct/2015:19:09:17 +0000] "GET /cron/fetch_data HTTP/1.1" 200 4736 "-" "Mozilla/5.0 (Macintosh; Intel Mac OS X 10_10_5) AppleWebKit/537.36 (KHTML, like Gecko) Chrome/45.0.2454.101 Safari/537.36"
192.168.1.135 - - [14/Oct/2015:19:09:19 +0000] "GET /favicon.ico HTTP/1.1" 200 6818 "http://192.168.1.117/cron/fetch_data" "Mozilla/5.0 (Macintosh; Intel Mac OS X 10_10_5) AppleWebKit/537.36 (KHTML, like Gecko) Chrome/45.0.2454.101 Safari/537.36"
127.0.0.1 - - [14/Oct/2015:19:10:15 +0000] "GET /api/vouchers HTTP/1.1" 200 5637 "-" "-"
192.168.1.135 - - [14/Oct/2015:19:10:14 +0000] "GET /cron/fetch_data HTTP/1.1" 200 1417 "-" "Mozilla/5.0 (Macintosh; Intel Mac OS X 10_10_5) AppleWebKit/537.36 (KHTML, like Gecko) Chrome/45.0.2454.101 Safari/537.36"
192.168.1.135 - - [14/Oct/2015:19:10:16 +0000] "GET /favicon.ico HTTP/1.1" 200 6818 "http://192.168.1.117/cron/fetch_data" "Mozilla/5.0 (Macintosh; Intel Mac OS X 10_10_5) AppleWebKit/537.36 (KHTML, like Gecko) Chrome/45.0.2454.101 Safari/537.36"
192.168.1.135 - - [14/Oct/2015:19:38:23 +0000] "GET /api/vouchers HTTP/1.1" 200 5693 "-" "Mozilla/5.0 (Macintosh; Intel Mac OS X 10_10_5) AppleWebKit/537.36 (KHTML, like Gecko) Chrome/45.0.2454.101 Safari/537.36"
127.0.0.1 - - [14/Oct/2015:19:38:31 +0000] "GET /api/vouchers HTTP/1.1" 200 5637 "-" "-"
192.168.1.135 - - [14/Oct/2015:19:38:31 +0000] "GET /cron/fetch_data HTTP/1.1" 500 743 "-" "Mozilla/5.0 (Macintosh; Intel Mac OS X 10_10_5) AppleWebKit/537.36 (KHTML, like Gecko) Chrome/45.0.2454.101 Safari/537.36"
192.168.1.135 - - [14/Oct/2015:19:38:33 +0000] "GET /favicon.ico HTTP/1.1" 200 6819 "http://192.168.1.117/cron/fetch_data" "Mozilla/5.0 (Macintosh; Intel Mac OS X 10_10_5) AppleWebKit/537.36 (KHTML, like Gecko) Chrome/45.0.2454.101 Safari/537.36"
127.0.0.1 - - [14/Oct/2015:19:44:34 +0000] "GET /api/vouchers HTTP/1.1" 200 5637 "-" "-"
192.168.1.135 - - [14/Oct/2015:19:44:34 +0000] "GET /cron/fetch_data HTTP/1.1" 200 266 "-" "Mozilla/5.0 (Macintosh; Intel Mac OS X 10_10_5) AppleWebKit/537.36 (KHTML, like Gecko) Chrome/45.0.2454.101 Safari/537.36"
192.168.1.135 - - [14/Oct/2015:19:44:35 +0000] "GET /favicon.ico HTTP/1.1" 200 6818 "http://192.168.1.117/cron/fetch_data" "Mozilla/5.0 (Macintosh; Intel Mac OS X 10_10_5) AppleWebKit/537.36 (KHTML, like Gecko) Chrome/45.0.2454.101 Safari/537.36"
127.0.0.1 - - [14/Oct/2015:19:45:31 +0000] "GET /api/vouchers HTTP/1.1" 200 5637 "-" "-"
192.168.1.135 - - [14/Oct/2015:19:45:31 +0000] "GET /cron/fetch_data HTTP/1.1" 200 266 "-" "Mozilla/5.0 (Macintosh; Intel Mac OS X 10_10_5) AppleWebKit/537.36 (KHTML, like Gecko) Chrome/45.0.2454.101 Safari/537.36"
192.168.1.135 - - [14/Oct/2015:19:45:32 +0000] "GET /favicon.ico HTTP/1.1" 200 6818 "http://192.168.1.117/cron/fetch_data" "Mozilla/5.0 (Macintosh; Intel Mac OS X 10_10_5) AppleWebKit/537.36 (KHTML, like Gecko) Chrome/45.0.2454.101 Safari/537.36"
192.168.1.135 - - [14/Oct/2015:21:29:28 +0000] "GET /cron/fetch_data HTTP/1.1" 404 744 "-" "Mozilla/5.0 (Macintosh; Intel Mac OS X 10_10_5) AppleWebKit/537.36 (KHTML, like Gecko) Chrome/45.0.2454.101 Safari/537.36"
127.0.0.1 - - [14/Oct/2015:21:29:37 +0000] "GET /api/vouchers HTTP/1.1" 200 5637 "-" "-"
192.168.1.135 - - [14/Oct/2015:21:29:36 +0000] "GET /external_api/pull_data HTTP/1.1" 500 743 "-" "Mozilla/5.0 (Macintosh; Intel Mac OS X 10_10_5) AppleWebKit/537.36 (KHTML, like Gecko) Chrome/45.0.2454.101 Safari/537.36"
127.0.0.1 - - [14/Oct/2015:21:29:52 +0000] "GET /api/vouchers HTTP/1.1" 200 5637 "-" "-"
192.168.1.135 - - [14/Oct/2015:21:29:49 +0000] "GET /external_api/pull_data HTTP/1.1" 500 743 "-" "Mozilla/5.0 (Macintosh; Intel Mac OS X 10_10_5) AppleWebKit/537.36 (KHTML, like Gecko) Chrome/45.0.2454.101 Safari/537.36"
192.168.1.135 - - [14/Oct/2015:21:29:55 +0000] "GET /favicon.ico HTTP/1.1" 200 6819 "http://192.168.1.117/external_api/pull_data" "Mozilla/5.0 (Macintosh; Intel Mac OS X 10_10_5) AppleWebKit/537.36 (KHTML, like Gecko) Chrome/45.0.2454.101 Safari/537.36"
127.0.0.1 - - [14/Oct/2015:21:30:08 +0000] "GET /api/vouchers HTTP/1.1" 200 5637 "-" "-"
127.0.0.1 - - [14/Oct/2015:21:31:14 +0000] "GET /api/vouchers HTTP/1.1" 200 5637 "-" "-"
127.0.0.1 - - [14/Oct/2015:21:33:06 +0000] "GET /api/vouchers HTTP/1.1" 200 5637 "-" "-"
127.0.0.1 - - [14/Oct/2015:22:06:49 +0000] "GET /api/vouchers HTTP/1.1" 200 5637 "-" "-"
192.168.1.135 - - [14/Oct/2015:22:06:49 +0000] "GET /external_api/pull_data HTTP/1.1" 200 272 "http://192.168.1.117:8000/admin/voucher" "Mozilla/5.0 (Macintosh; Intel Mac OS X 10_10_5) AppleWebKit/537.36 (KHTML, like Gecko) Chrome/45.0.2454.101 Safari/537.36"
192.168.1.135 - - [14/Oct/2015:22:07:04 +0000] "GET /admin/voucher HTTP/1.1" 200 1953 "-" "Mozilla/5.0 (Macintosh; Intel Mac OS X 10_10_5) AppleWebKit/537.36 (KHTML, like Gecko) Chrome/45.0.2454.101 Safari/537.36"
192.168.1.135 - - [14/Oct/2015:22:07:05 +0000] "GET /scripts/application.js HTTP/1.1" 200 518 "http://192.168.1.117/admin/voucher" "Mozilla/5.0 (Macintosh; Intel Mac OS X 10_10_5) AppleWebKit/537.36 (KHTML, like Gecko) Chrome/45.0.2454.101 Safari/537.36"
192.168.1.135 - - [14/Oct/2015:22:07:05 +0000] "GET /styles/bootstrap-theme.min.css HTTP/1.1" 200 3072 "http://192.168.1.117/admin/voucher" "Mozilla/5.0 (Macintosh; Intel Mac OS X 10_10_5) AppleWebKit/537.36 (KHTML, like Gecko) Chrome/45.0.2454.101 Safari/537.36"
192.168.1.135 - - [14/Oct/2015:22:07:05 +0000] "GET /scripts/bootstrap.min.js HTTP/1.1" 200 10096 "http://192.168.1.117/admin/voucher" "Mozilla/5.0 (Macintosh; Intel Mac OS X 10_10_5) AppleWebKit/537.36 (KHTML, like Gecko) Chrome/45.0.2454.101 Safari/537.36"
192.168.1.135 - - [14/Oct/2015:22:07:05 +0000] "GET /scripts/jquery-2.1.4.min.js HTTP/1.1" 200 29885 "http://192.168.1.117/admin/voucher" "Mozilla/5.0 (Macintosh; Intel Mac OS X 10_10_5) AppleWebKit/537.36 (KHTML, like Gecko) Chrome/45.0.2454.101 Safari/537.36"
192.168.1.135 - - [14/Oct/2015:22:07:05 +0000] "GET /styles/bootstrap.min.css HTTP/1.1" 200 20221 "http://192.168.1.117/admin/voucher" "Mozilla/5.0 (Macintosh; Intel Mac OS X 10_10_5) AppleWebKit/537.36 (KHTML, like Gecko) Chrome/45.0.2454.101 Safari/537.36"
127.0.0.1 - - [14/Oct/2015:22:07:08 +0000] "GET /api/vouchers HTTP/1.1" 200 5637 "-" "-"
192.168.1.135 - - [14/Oct/2015:22:07:08 +0000] "GET /external_api/pull_data HTTP/1.1" 200 271 "http://192.168.1.117/admin/voucher" "Mozilla/5.0 (Macintosh; Intel Mac OS X 10_10_5) AppleWebKit/537.36 (KHTML, like Gecko) Chrome/45.0.2454.101 Safari/537.36"
::1 - - [14/Oct/2015:22:07:17 +0000] "OPTIONS * HTTP/1.0" 200 125 "-" "Apache/2.4.7 (Ubuntu) PHP/5.5.9-1ubuntu4.13 (internal dummy connection)"
127.0.0.1 - - [14/Oct/2015:22:07:31 +0000] "GET /api/vouchers HTTP/1.1" 200 5637 "-" "-"
192.168.1.135 - - [14/Oct/2015:22:07:31 +0000] "GET /external_api/pull_data HTTP/1.1" 200 272 "http://192.168.1.117/admin/voucher" "Mozilla/5.0 (Macintosh; Intel Mac OS X 10_10_5) AppleWebKit/537.36 (KHTML, like Gecko) Chrome/45.0.2454.101 Safari/537.36"
192.168.1.135 - - [14/Oct/2015:22:09:17 +0000] "GET /admin/voucher HTTP/1.1" 200 1953 "-" "Mozilla/5.0 (Macintosh; Intel Mac OS X 10_10_5) AppleWebKit/537.36 (KHTML, like Gecko) Chrome/45.0.2454.101 Safari/537.36"
192.168.1.135 - - [14/Oct/2015:22:09:18 +0000] "GET /scripts/application.js HTTP/1.1" 200 518 "http://192.168.1.117/admin/voucher" "Mozilla/5.0 (Macintosh; Intel Mac OS X 10_10_5) AppleWebKit/537.36 (KHTML, like Gecko) Chrome/45.0.2454.101 Safari/537.36"
192.168.1.135 - - [14/Oct/2015:22:09:18 +0000] "GET /scripts/bootstrap.min.js HTTP/1.1" 200 10096 "http://192.168.1.117/admin/voucher" "Mozilla/5.0 (Macintosh; Intel Mac OS X 10_10_5) AppleWebKit/537.36 (KHTML, like Gecko) Chrome/45.0.2454.101 Safari/537.36"
192.168.1.135 - - [14/Oct/2015:22:09:18 +0000] "GET /styles/bootstrap-theme.min.css HTTP/1.1" 200 3072 "http://192.168.1.117/admin/voucher" "Mozilla/5.0 (Macintosh; Intel Mac OS X 10_10_5) AppleWebKit/537.36 (KHTML, like Gecko) Chrome/45.0.2454.101 Safari/537.36"
192.168.1.135 - - [14/Oct/2015:22:09:18 +0000] "GET /scripts/jquery-2.1.4.min.js HTTP/1.1" 200 29885 "http://192.168.1.117/admin/voucher" "Mozilla/5.0 (Macintosh; Intel Mac OS X 10_10_5) AppleWebKit/537.36 (KHTML, like Gecko) Chrome/45.0.2454.101 Safari/537.36"
192.168.1.135 - - [14/Oct/2015:22:09:18 +0000] "GET /styles/bootstrap.min.css HTTP/1.1" 200 20221 "http://192.168.1.117/admin/voucher" "Mozilla/5.0 (Macintosh; Intel Mac OS X 10_10_5) AppleWebKit/537.36 (KHTML, like Gecko) Chrome/45.0.2454.101 Safari/537.36"
127.0.0.1 - - [14/Oct/2015:22:09:21 +0000] "GET /api/vouchers HTTP/1.1" 200 5637 "-" "-"
192.168.1.135 - - [14/Oct/2015:22:09:20 +0000] "GET /external_api/pull_data HTTP/1.1" 200 271 "http://192.168.1.117/admin/voucher" "Mozilla/5.0 (Macintosh; Intel Mac OS X 10_10_5) AppleWebKit/537.36 (KHTML, like Gecko) Chrome/45.0.2454.101 Safari/537.36"
192.168.1.135 - - [14/Oct/2015:22:09:37 +0000] "GET /admin/voucher HTTP/1.1" 200 1953 "-" "Mozilla/5.0 (Macintosh; Intel Mac OS X 10_10_5) AppleWebKit/537.36 (KHTML, like Gecko) Chrome/45.0.2454.101 Safari/537.36"
192.168.1.135 - - [14/Oct/2015:22:09:38 +0000] "GET /scripts/application.js HTTP/1.1" 200 528 "http://192.168.1.117/admin/voucher" "Mozilla/5.0 (Macintosh; Intel Mac OS X 10_10_5) AppleWebKit/537.36 (KHTML, like Gecko) Chrome/45.0.2454.101 Safari/537.36"
192.168.1.135 - - [14/Oct/2015:22:09:38 +0000] "GET /scripts/bootstrap.min.js HTTP/1.1" 200 10096 "http://192.168.1.117/admin/voucher" "Mozilla/5.0 (Macintosh; Intel Mac OS X 10_10_5) AppleWebKit/537.36 (KHTML, like Gecko) Chrome/45.0.2454.101 Safari/537.36"
192.168.1.135 - - [14/Oct/2015:22:09:38 +0000] "GET /styles/bootstrap-theme.min.css HTTP/1.1" 200 3072 "http://192.168.1.117/admin/voucher" "Mozilla/5.0 (Macintosh; Intel Mac OS X 10_10_5) AppleWebKit/537.36 (KHTML, like Gecko) Chrome/45.0.2454.101 Safari/537.36"
192.168.1.135 - - [14/Oct/2015:22:09:38 +0000] "GET /scripts/jquery-2.1.4.min.js HTTP/1.1" 200 29885 "http://192.168.1.117/admin/voucher" "Mozilla/5.0 (Macintosh; Intel Mac OS X 10_10_5) AppleWebKit/537.36 (KHTML, like Gecko) Chrome/45.0.2454.101 Safari/537.36"
192.168.1.135 - - [14/Oct/2015:22:09:38 +0000] "GET /styles/bootstrap.min.css HTTP/1.1" 200 20221 "http://192.168.1.117/admin/voucher" "Mozilla/5.0 (Macintosh; Intel Mac OS X 10_10_5) AppleWebKit/537.36 (KHTML, like Gecko) Chrome/45.0.2454.101 Safari/537.36"
127.0.0.1 - - [14/Oct/2015:22:09:40 +0000] "GET /api/vouchers HTTP/1.1" 200 5637 "-" "-"
192.168.1.135 - - [14/Oct/2015:22:09:40 +0000] "GET /external_api/pull_data HTTP/1.1" 200 271 "http://192.168.1.117/admin/voucher" "Mozilla/5.0 (Macintosh; Intel Mac OS X 10_10_5) AppleWebKit/537.36 (KHTML, like Gecko) Chrome/45.0.2454.101 Safari/537.36"
192.168.1.135 - - [14/Oct/2015:22:10:53 +0000] "GET /admin/voucher HTTP/1.1" 200 1953 "-" "Mozilla/5.0 (Macintosh; Intel Mac OS X 10_10_5) AppleWebKit/537.36 (KHTML, like Gecko) Chrome/45.0.2454.101 Safari/537.36"
192.168.1.135 - - [14/Oct/2015:22:10:54 +0000] "GET /scripts/application.js HTTP/1.1" 200 569 "http://192.168.1.117/admin/voucher" "Mozilla/5.0 (Macintosh; Intel Mac OS X 10_10_5) AppleWebKit/537.36 (KHTML, like Gecko) Chrome/45.0.2454.101 Safari/537.36"
192.168.1.135 - - [14/Oct/2015:22:10:54 +0000] "GET /scripts/bootstrap.min.js HTTP/1.1" 200 10096 "http://192.168.1.117/admin/voucher" "Mozilla/5.0 (Macintosh; Intel Mac OS X 10_10_5) AppleWebKit/537.36 (KHTML, like Gecko) Chrome/45.0.2454.101 Safari/537.36"
192.168.1.135 - - [14/Oct/2015:22:10:54 +0000] "GET /styles/bootstrap-theme.min.css HTTP/1.1" 200 3072 "http://192.168.1.117/admin/voucher" "Mozilla/5.0 (Macintosh; Intel Mac OS X 10_10_5) AppleWebKit/537.36 (KHTML, like Gecko) Chrome/45.0.2454.101 Safari/537.36"
192.168.1.135 - - [14/Oct/2015:22:10:54 +0000] "GET /scripts/jquery-2.1.4.min.js HTTP/1.1" 200 29885 "http://192.168.1.117/admin/voucher" "Mozilla/5.0 (Macintosh; Intel Mac OS X 10_10_5) AppleWebKit/537.36 (KHTML, like Gecko) Chrome/45.0.2454.101 Safari/537.36"
192.168.1.135 - - [14/Oct/2015:22:10:54 +0000] "GET /styles/bootstrap.min.css HTTP/1.1" 200 20221 "http://192.168.1.117/admin/voucher" "Mozilla/5.0 (Macintosh; Intel Mac OS X 10_10_5) AppleWebKit/537.36 (KHTML, like Gecko) Chrome/45.0.2454.101 Safari/537.36"
127.0.0.1 - - [14/Oct/2015:22:10:58 +0000] "GET /api/vouchers HTTP/1.1" 200 5637 "-" "-"
